Component: ARM Compiler 5.05 update 1 (build 106) Tool: armlink [4d0efa]

==============================================================================

Section Cross References

    system_stm32f4xx.o(i.SystemCoreClockUpdate) refers to system_stm32f4xx.o(.data) for SystemCoreClock
    system_stm32f4xx.o(i.SystemInit) refers to system_stm32f4xx.o(i.SetSysClock) for SetSysClock
    startup_stm32f40_41xxx.o(RESET) refers to startup_stm32f40_41xxx.o(STACK) for __initial_sp
    startup_stm32f40_41xxx.o(RESET) refers to startup_stm32f40_41xxx.o(.text) for Reset_Handler
    startup_stm32f40_41xxx.o(RESET) refers to stm32f4xx_it.o(i.NMI_Handler) for NMI_Handler
    startup_stm32f40_41xxx.o(RESET) refers to stm32f4xx_it.o(i.HardFault_Handler) for HardFault_Handler
    startup_stm32f40_41xxx.o(RESET) refers to stm32f4xx_it.o(i.MemManage_Handler) for MemManage_Handler
    startup_stm32f40_41xxx.o(RESET) refers to stm32f4xx_it.o(i.BusFault_Handler) for BusFault_Handler
    startup_stm32f40_41xxx.o(RESET) refers to stm32f4xx_it.o(i.UsageFault_Handler) for UsageFault_Handler
    startup_stm32f40_41xxx.o(RESET) refers to stm32f4xx_it.o(i.SVC_Handler) for SVC_Handler
    startup_stm32f40_41xxx.o(RESET) refers to stm32f4xx_it.o(i.DebugMon_Handler) for DebugMon_Handler
    startup_stm32f40_41xxx.o(RESET) refers to os_cpu_a.o(CODE) for PendSV_Handler
    startup_stm32f40_41xxx.o(RESET) refers to explore_systick.o(i.SysTick_Handler) for SysTick_Handler
    startup_stm32f40_41xxx.o(RESET) refers to usart3tobluetooth.o(i.DMA1_Stream3_IRQHandler) for DMA1_Stream3_IRQHandler
    startup_stm32f40_41xxx.o(RESET) refers to my_platform.o(i.DMA1_Stream6_IRQHandler) for DMA1_Stream6_IRQHandler
    startup_stm32f40_41xxx.o(RESET) refers to timer3_ahrs_inner.o(i.TIM3_IRQHandler) for TIM3_IRQHandler
    startup_stm32f40_41xxx.o(RESET) refers to timer3_ahrs_inner.o(i.TIM4_IRQHandler) for TIM4_IRQHandler
    startup_stm32f40_41xxx.o(RESET) refers to usart1topc.o(i.USART1_IRQHandler) for USART1_IRQHandler
    startup_stm32f40_41xxx.o(RESET) refers to my_platform.o(i.USART2_IRQHandler) for USART2_IRQHandler
    startup_stm32f40_41xxx.o(RESET) refers to usart3tobluetooth.o(i.USART3_IRQHandler) for USART3_IRQHandler
    startup_stm32f40_41xxx.o(RESET) refers to usart5toultra.o(i.DMA1_Stream7_IRQHandler) for DMA1_Stream7_IRQHandler
    startup_stm32f40_41xxx.o(RESET) refers to usart5toultra.o(i.UART5_IRQHandler) for UART5_IRQHandler
    startup_stm32f40_41xxx.o(RESET) refers to usart6tovision.o(i.DMA2_Stream6_IRQHandler) for DMA2_Stream6_IRQHandler
    startup_stm32f40_41xxx.o(RESET) refers to usart1topc.o(i.DMA2_Stream7_IRQHandler) for DMA2_Stream7_IRQHandler
    startup_stm32f40_41xxx.o(RESET) refers to usart6tovision.o(i.USART6_IRQHandler) for USART6_IRQHandler
    startup_stm32f40_41xxx.o(.text) refers to system_stm32f4xx.o(i.SystemInit) for SystemInit
    startup_stm32f40_41xxx.o(.text) refers to entry.o(.ARM.Collect$$$$00000000) for __main
    stm32f4xx_gpio.o(i.GPIO_DeInit) refers to stm32f4xx_rcc.o(i.RCC_AHB1PeriphResetCmd) for RCC_AHB1PeriphResetCmd
    stm32f4xx_rcc.o(i.RCC_GetClocksFreq) refers to stm32f4xx_rcc.o(.data) for APBAHBPrescTable
    stm32f4xx_rcc.o(i.RCC_WaitForHSEStartUp) refers to stm32f4xx_rcc.o(i.RCC_GetFlagStatus) for RCC_GetFlagStatus
    stm32f4xx_usart.o(i.USART_DeInit) refers to stm32f4xx_rcc.o(i.RCC_APB2PeriphResetCmd) for RCC_APB2PeriphResetCmd
    stm32f4xx_usart.o(i.USART_DeInit) refers to stm32f4xx_rcc.o(i.RCC_APB1PeriphResetCmd) for RCC_APB1PeriphResetCmd
    stm32f4xx_usart.o(i.USART_Init) refers to stm32f4xx_rcc.o(i.RCC_GetClocksFreq) for RCC_GetClocksFreq
    stm32f4xx_spi.o(i.SPI_I2S_DeInit) refers to stm32f4xx_rcc.o(i.RCC_APB2PeriphResetCmd) for RCC_APB2PeriphResetCmd
    stm32f4xx_spi.o(i.SPI_I2S_DeInit) refers to stm32f4xx_rcc.o(i.RCC_APB1PeriphResetCmd) for RCC_APB1PeriphResetCmd
    stm32f4xx_tim.o(i.TIM_DeInit) refers to stm32f4xx_rcc.o(i.RCC_APB2PeriphResetCmd) for RCC_APB2PeriphResetCmd
    stm32f4xx_tim.o(i.TIM_DeInit) refers to stm32f4xx_rcc.o(i.RCC_APB1PeriphResetCmd) for RCC_APB1PeriphResetCmd
    stm32f4xx_tim.o(i.TIM_ETRClockMode1Config) refers to stm32f4xx_tim.o(i.TIM_ETRConfig) for TIM_ETRConfig
    stm32f4xx_tim.o(i.TIM_ETRClockMode2Config) refers to stm32f4xx_tim.o(i.TIM_ETRConfig) for TIM_ETRConfig
    stm32f4xx_tim.o(i.TIM_ICInit) refers to stm32f4xx_tim.o(i.TI1_Config) for TI1_Config
    stm32f4xx_tim.o(i.TIM_ICInit) refers to stm32f4xx_tim.o(i.TIM_SetIC1Prescaler) for TIM_SetIC1Prescaler
    stm32f4xx_tim.o(i.TIM_ICInit) refers to stm32f4xx_tim.o(i.TI2_Config) for TI2_Config
    stm32f4xx_tim.o(i.TIM_ICInit) refers to stm32f4xx_tim.o(i.TIM_SetIC2Prescaler) for TIM_SetIC2Prescaler
    stm32f4xx_tim.o(i.TIM_ICInit) refers to stm32f4xx_tim.o(i.TI3_Config) for TI3_Config
    stm32f4xx_tim.o(i.TIM_ICInit) refers to stm32f4xx_tim.o(i.TIM_SetIC3Prescaler) for TIM_SetIC3Prescaler
    stm32f4xx_tim.o(i.TIM_ICInit) refers to stm32f4xx_tim.o(i.TI4_Config) for TI4_Config
[...]
    STMFLASH_ReadWord                        0x080070a1   Thumb Code     6  flash.o(i.STMFLASH_ReadWord)
    STMFLASH_Write                           0x080070a9   Thumb Code   146  flash.o(i.STMFLASH_Write)
    SVC_Handler                              0x08007145   Thumb Code     2  stm32f4xx_it.o(i.SVC_Handler)
    SendDataToLCD                            0x08007149   Thumb Code   368  data_pc.o(i.SendDataToLCD)
    SysTick_CLKSourceConfig                  0x080073b1   Thumb Code    40  misc.o(i.SysTick_CLKSourceConfig)
    SysTick_Handler                          0x080073d9   Thumb Code    24  explore_systick.o(i.SysTick_Handler)
    SystemInit                               0x080073f5   Thumb Code    88  system_stm32f4xx.o(i.SystemInit)
    Systick_Init                             0x0800745d   Thumb Code    94  explore_systick.o(i.Systick_Init)
    TIM3_IRQHandler                          0x080074cd   Thumb Code    86  timer3_ahrs_inner.o(i.TIM3_IRQHandler)
    TIM4_IRQHandler                          0x08007539   Thumb Code    42  timer3_ahrs_inner.o(i.TIM4_IRQHandler)
    TIM_ARRPreloadConfig                     0x0800756d   Thumb Code    24  stm32f4xx_tim.o(i.TIM_ARRPreloadConfig)
    TIM_ClearITPendingBit                    0x08007585   Thumb Code     6  stm32f4xx_tim.o(i.TIM_ClearITPendingBit)
    TIM_Cmd                                  0x0800758b   Thumb Code    24  stm32f4xx_tim.o(i.TIM_Cmd)
    TIM_GetITStatus                          0x080075a3   Thumb Code    34  stm32f4xx_tim.o(i.TIM_GetITStatus)
    TIM_ITConfig                             0x080075c5   Thumb Code    18  stm32f4xx_tim.o(i.TIM_ITConfig)
    TIM_OC1Init                              0x080075d9   Thumb Code   114  stm32f4xx_tim.o(i.TIM_OC1Init)
    TIM_OC1PreloadConfig                     0x08007655   Thumb Code    18  stm32f4xx_tim.o(i.TIM_OC1PreloadConfig)
    TIM_OC2Init                              0x08007669   Thumb Code   154  stm32f4xx_tim.o(i.TIM_OC2Init)
    TIM_OC2PreloadConfig                     0x0800770d   Thumb Code    26  stm32f4xx_tim.o(i.TIM_OC2PreloadConfig)
    TIM_OC3Init                              0x08007729   Thumb Code   150  stm32f4xx_tim.o(i.TIM_OC3Init)
    TIM_OC3PreloadConfig                     0x080077c9   Thumb Code    18  stm32f4xx_tim.o(i.TIM_OC3PreloadConfig)
    TIM_OC4Init                              0x080077dd   Thumb Code   112  stm32f4xx_tim.o(i.TIM_OC4Init)
    TIM_OC4PreloadConfig                     0x08007855   Thumb Code    26  stm32f4xx_tim.o(i.TIM_OC4PreloadConfig)
    TIM_TimeBaseInit                         0x08007871   Thumb Code   104  stm32f4xx_tim.o(i.TIM_TimeBaseInit)
    Timer3_Ahrsinit                          0x080078f5   Thumb Code    88  timer3_ahrs_inner.o(i.Timer3_Ahrsinit)
    Timer4_ImuInnerinit                      0x08007951   Thumb Code    90  timer3_ahrs_inner.o(i.Timer4_ImuInnerinit)
    Timer5_Timinginit                        0x080079b1   Thumb Code    66  timer5_timing.o(i.Timer5_Timinginit)
    UART5_IRQHandler                         0x080079fd   Thumb Code    46  usart5toultra.o(i.UART5_IRQHandler)
    USART1_IRQHandler                        0x08007a35   Thumb Code   122  usart1topc.o(i.USART1_IRQHandler)
    USART2_IRQHandler                        0x08007abd   Thumb Code    76  my_platform.o(i.USART2_IRQHandler)
    USART3_IRQHandler                        0x08007b19   Thumb Code    16  usart3tobluetooth.o(i.USART3_IRQHandler)
    USART6_IRQHandler                        0x08007b29   Thumb Code    46  usart6tovision.o(i.USART6_IRQHandler)
    USART_ClearFlag                          0x08007b61   Thumb Code    18  stm32f4xx_usart.o(i.USART_ClearFlag)
    USART_Cmd                                0x08007b73   Thumb Code    24  stm32f4xx_usart.o(i.USART_Cmd)
    USART_DMACmd                             0x08007b8b   Thumb Code    18  stm32f4xx_usart.o(i.USART_DMACmd)
    USART_GetITStatus                        0x08007b9d   Thumb Code    84  stm32f4xx_usart.o(i.USART_GetITStatus)
    USART_ITConfig                           0x08007bf1   Thumb Code    74  stm32f4xx_usart.o(i.USART_ITConfig)
    USART_Init                               0x08007c3d   Thumb Code   204  stm32f4xx_usart.o(i.USART_Init)
    USART_ReceiveData                        0x08007d11   Thumb Code    10  stm32f4xx_usart.o(i.USART_ReceiveData)
    Uart1_dma_tx_irq_handler                 0x08007d1b   Thumb Code     8  usart1topc.o(i.Uart1_dma_tx_irq_handler)
    Uart1_tx                                 0x08007d25   Thumb Code    50  usart1topc.o(i.Uart1_tx)
    Uart3_dma_tx_irq_handler                 0x08007d65   Thumb Code     8  usart3tobluetooth.o(i.Uart3_dma_tx_irq_handler)
    Uart3_irq_handler                        0x08007d6d   Thumb Code    36  usart3tobluetooth.o(i.Uart3_irq_handler)
    Uart3_tx                                 0x08007d99   Thumb Code    50  usart3tobluetooth.o(i.Uart3_tx)
    Uart5_tx                                 0x08007dd9   Thumb Code    50  usart5toultra.o(i.Uart5_tx)
    Uart5toUltra_Init                        0x08007e19   Thumb Code   532  usart5toultra.o(i.Uart5toUltra_Init)
    Uart5toUltra_task                        0x08008045   Thumb Code    58  task.o(i.Uart5toUltra_task)
    UsageFault_Handler                       0x08008095   Thumb Code     4  stm32f4xx_it.o(i.UsageFault_Handler)
    Usart1toPC_Init                          0x08008099   Thumb Code   500  usart1topc.o(i.Usart1toPC_Init)
    Usart1toPC_task                          0x080082a1   Thumb Code    48  task.o(i.Usart1toPC_task)
    Usart3toBluetooth_Init                   0x080082d5   Thumb Code   498  usart3tobluetooth.o(i.Usart3toBluetooth_Init)
    Write_config                             0x080084dd   Thumb Code    36  flash.o(i.Write_config)
    _Uart1_deal_irq_dma_tx                   0x08008511   Thumb Code    44  usart1topc.o(i._Uart1_deal_irq_dma_tx)
    _Uart3_deal_irq_dma_tx                   0x08008549   Thumb Code    44  usart3tobluetooth.o(i._Uart3_deal_irq_dma_tx)
    _Uart3_deal_irq_rx_end                   0x08008581   Thumb Code    92  usart3tobluetooth.o(i._Uart3_deal_irq_rx_end)
    _Uart3_deal_irq_tx_end                   0x080085ed   Thumb Code    40  usart3tobluetooth.o(i._Uart3_deal_irq_tx_end)
    __0printf$bare                           0x0800861d   Thumb Code     8  printfb.o(i.__0printf$bare)
    __1printf$bare                           0x0800861d   Thumb Code     0  printfb.o(i.__0printf$bare)
    __2printf                                0x0800861d   Thumb Code     0  printfb.o(i.__0printf$bare)
    __ARM_fpclassify                         0x0800862d   Thumb Code    48  fpclassify.o(i.__ARM_fpclassify)
    __hardfp_asin                            0x08008661   Thumb Code   770  asin.o(i.__hardfp_asin)
    __hardfp_atan                            0x080089c1   Thumb Code   622  atan.o(i.__hardfp_atan)
    __hardfp_atan2                           0x08008c99   Thumb Code   432  atan2.o(i.__hardfp_atan2)
    __hardfp_cosf                            0x08008e89   Thumb Code   280  cosf.o(i.__hardfp_cosf)
    __hardfp_sqrt                            0x08008fd9   Thumb Code   122  sqrt.o(i.__hardfp_sqrt)
    __kernel_poly                            0x08009053   Thumb Code   248  poly.o(i.__kernel_poly)
    __mathlib_dbl_infnan                     0x0800914b   Thumb Code    20  dunder.o(i.__mathlib_dbl_infnan)
    __mathlib_dbl_infnan2                    0x0800915f   Thumb Code    20  dunder.o(i.__mathlib_dbl_infnan2)
    __mathlib_dbl_invalid                    0x08009179   Thumb Code    24  dunder.o(i.__mathlib_dbl_invalid)
    __mathlib_dbl_underflow                  0x08009199   Thumb Code    24  dunder.o(i.__mathlib_dbl_underflow)
    __mathlib_flt_infnan                     0x080091b9   Thumb Code     6  funder.o(i.__mathlib_flt_infnan)
    __mathlib_flt_invalid                    0x080091c1   Thumb Code    10  funder.o(i.__mathlib_flt_invalid)
    __mathlib_rredf2                         0x080091d1   Thumb Code   316  rredf.o(i.__mathlib_rredf2)
    __scatterload_copy                       0x08009325   Thumb Code    14  handlers.o(i.__scatterload_copy)
    __scatterload_null                       0x08009333   Thumb Code     2  handlers.o(i.__scatterload_null)
    __scatterload_zeroinit                   0x08009335   Thumb Code    14  handlers.o(i.__scatterload_zeroinit)
    __set_errno                              0x08009345   Thumb Code     6  errno.o(i.__set_errno)
    arm_abs_f32                              0x08009373   Thumb Code   124  arm_abs_f32.o(i.arm_abs_f32)
    arrycat                                  0x080093ef   Thumb Code    26  type_conversion.o(i.arrycat)
    atan                                     0x08009409   Thumb Code    16  atan.o(i.atan)
    dataDeal                                 0x08009419   Thumb Code  1652  data_deal.o(i.dataDeal)
    dataStitching                            0x08009ab1   Thumb Code   272  data_deal.o(i.dataStitching)
    delay_ms                                 0x08009bdd   Thumb Code    66  explore_systick.o(i.delay_ms)
    delay_osschedlock                        0x08009c2d   Thumb Code    10  explore_systick.o(i.delay_osschedlock)
    delay_osschedunlock                      0x08009c37   Thumb Code    10  explore_systick.o(i.delay_osschedunlock)
    delay_ostimedly                          0x08009c41   Thumb Code    16  explore_systick.o(i.delay_ostimedly)
    delay_us                                 0x08009c51   Thumb Code    84  explore_systick.o(i.delay_us)
    fabs                                     0x08009ca9   Thumb Code    24  fabs.o(i.fabs)
    filter_create_fir_lowpass                0x08009cc1   Thumb Code   192  digital_filter.o(i.filter_create_fir_lowpass)
    filter_fft                               0x08009d85   Thumb Code   602  digital_filter.o(i.filter_fft)
    filter_fftshift                          0x08009fe5   Thumb Code    82  digital_filter.o(i.filter_fftshift)
    filter_hamming                           0x0800a039   Thumb Code   240  digital_filter.o(i.filter_hamming)
    fputc                                    0x0800a135   Thumb Code    22  usart1topc.o(i.fputc)
    free                                     0x0800a151   Thumb Code    76  malloc.o(i.free)
    get_imu_usart_rx_cnt                     0x0800a1a1   Thumb Code    36  my_platform.o(i.get_imu_usart_rx_cnt)
    h_Estimation                             0x0800a1cd   Thumb Code   508  position.o(i.h_Estimation)
    imu_check                                0x0800a3fd   Thumb Code   202  my_platform.o(i.imu_check)
    imu_get_data                             0x0800a4f1   Thumb Code   312  my_platform.o(i.imu_get_data)
    imu_usart_dma_rx_enable                  0x0800a63d   Thumb Code    30  my_platform.o(i.imu_usart_dma_rx_enable)
    imu_usart_dma_tx_enable                  0x0800a661   Thumb Code    46  my_platform.o(i.imu_usart_dma_tx_enable)
    inertial_filter_correct                  0x0800a699   Thumb Code    48  inertialfilter.o(i.inertial_filter_correct)
    inertial_filter_predict                  0x0800a6c9   Thumb Code    50  inertialfilter.o(i.inertial_filter_predict)
    inf_Uart1_deal_irq_dma_tx                0x0800a6fb   Thumb Code     8  usart1topc.o(i.inf_Uart1_deal_irq_dma_tx)
    inf_Uart3_deal_irq_dma_tx                0x0800a703   Thumb Code     8  usart3tobluetooth.o(i.inf_Uart3_deal_irq_dma_tx)
    inf_Uart3_deal_irq_rx_end                0x0800a70b   Thumb Code    12  usart3tobluetooth.o(i.inf_Uart3_deal_irq_rx_end)
    inf_Uart3_deal_irq_tx_end                0x0800a717   Thumb Code     8  usart3tobluetooth.o(i.inf_Uart3_deal_irq_tx_end)
    inf_Uart5_deal_irq_rx_end                0x0800a721   Thumb Code    90  usart5toultra.o(i.inf_Uart5_deal_irq_rx_end)
    inf_Uart5_deal_irq_tx_end                0x0800a78d   Thumb Code    40  usart5toultra.o(i.inf_Uart5_deal_irq_tx_end)
    inf_Uart6_deal_irq_rx_end                0x0800a7bd   Thumb Code    92  usart6tovision.o(i.inf_Uart6_deal_irq_rx_end)
    inf_Uart6_deal_irq_tx_end                0x0800a829   Thumb Code    40  usart6tovision.o(i.inf_Uart6_deal_irq_tx_end)
    invSqrt                                  0x0800a859   Thumb Code    56  mahonyahrs.o(i.invSqrt)
    load_config                              0x0800a895   Thumb Code   770  flash.o(i.load_config)
    main                                     0x0800abb1   Thumb Code   184  stm32f4xx_main.o(i.main)
    malloc                                   0x0800ac99   Thumb Code    92  malloc.o(i.malloc)
    micros                                   0x0800ad05   Thumb Code     8  timer5_timing.o(i.micros)
    safe_asin                                0x0800ad11   Thumb Code   122  imu_ahrs.o(i.safe_asin)
    sendParaInfo                             0x0800ad99   Thumb Code   786  data_pc.o(i.sendParaInfo)
    sendRTInfo                               0x0800b0b5   Thumb Code   330  data_pc.o(i.sendRTInfo)
    sqrt                                     0x0800b215   Thumb Code   110  sqrt.o(i.sqrt)
    start_task                               0x0800b285   Thumb Code   550  stm32f4xx_main.o(i.start_task)
    uart_init                                0x0800b5d9   Thumb Code   164  usart1topc.o(i.uart_init)
    OSCfg_IdleTaskStkBasePtr                 0x0800b684   Data           4  os_cfg_app.o(.constdata)
    OSCfg_IdleTaskStkLimit                   0x0800b688   Data           4  os_cfg_app.o(.constdata)
    OSCfg_IdleTaskStkSize                    0x0800b68c   Data           4  os_cfg_app.o(.constdata)
    OSCfg_IdleTaskStkSizeRAM                 0x0800b690   Data           4  os_cfg_app.o(.constdata)
    OSCfg_IntQBasePtr                        0x0800b694   Data           4  os_cfg_app.o(.constdata)
    OSCfg_IntQSize                           0x0800b698   Data           2  os_cfg_app.o(.constdata)
    OSCfg_IntQSizeRAM                        0x0800b69c   Data           4  os_cfg_app.o(.constdata)
    OSCfg_IntQTaskStkBasePtr                 0x0800b6a0   Data           4  os_cfg_app.o(.constdata)
    OSCfg_IntQTaskStkLimit                   0x0800b6a4   Data           4  os_cfg_app.o(.constdata)
    OSCfg_IntQTaskStkSize                    0x0800b6a8   Data           4  os_cfg_app.o(.constdata)
    OSCfg_IntQTaskStkSizeRAM                 0x0800b6ac   Data           4  os_cfg_app.o(.constdata)
    OSCfg_ISRStkBasePtr                      0x0800b6b0   Data           4  os_cfg_app.o(.constdata)
    OSCfg_ISRStkSize                         0x0800b6b4   Data           4  os_cfg_app.o(.constdata)
    OSCfg_ISRStkSizeRAM                      0x0800b6b8   Data           4  os_cfg_app.o(.constdata)
    OSCfg_MsgPoolSize                        0x0800b6bc   Data           2  os_cfg_app.o(.constdata)
    OSCfg_MsgPoolSizeRAM                     0x0800b6c0   Data           4  os_cfg_app.o(.constdata)
    OSCfg_MsgPoolBasePtr                     0x0800b6c4   Data           4  os_cfg_app.o(.constdata)
    OSCfg_StatTaskPrio                       0x0800b6c8   Data           1  os_cfg_app.o(.constdata)
    OSCfg_StatTaskRate_Hz                    0x0800b6cc   Data           4  os_cfg_app.o(.constdata)
    OSCfg_StatTaskStkBasePtr                 0x0800b6d0   Data           4  os_cfg_app.o(.constdata)
    OSCfg_StatTaskStkLimit                   0x0800b6d4   Data           4  os_cfg_app.o(.constdata)
    OSCfg_StatTaskStkSize                    0x0800b6d8   Data           4  os_cfg_app.o(.constdata)
    OSCfg_StatTaskStkSizeRAM                 0x0800b6dc   Data           4  os_cfg_app.o(.constdata)
    OSCfg_StkSizeMin                         0x0800b6e0   Data           4  os_cfg_app.o(.constdata)
    OSCfg_TickRate_Hz                        0x0800b6e4   Data           4  os_cfg_app.o(.constdata)
    OSCfg_TickTaskPrio                       0x0800b6e8   Data           1  os_cfg_app.o(.constdata)
    OSCfg_TickTaskStkBasePtr                 0x0800b6ec   Data           4  os_cfg_app.o(.constdata)
    OSCfg_TickTaskStkLimit                   0x0800b6f0   Data           4  os_cfg_app.o(.constdata)
    OSCfg_TickTaskStkSize                    0x0800b6f4   Data           4  os_cfg_app.o(.constdata)
    OSCfg_TickTaskStkSizeRAM                 0x0800b6f8   Data           4  os_cfg_app.o(.constdata)
    OSCfg_TickWheelSize                      0x0800b6fc   Data           2  os_cfg_app.o(.constdata)
    OSCfg_TickWheelSizeRAM                   0x0800b700   Data           4  os_cfg_app.o(.constdata)
    OSCfg_TmrTaskPrio                        0x0800b704   Data           1  os_cfg_app.o(.constdata)
    OSCfg_TmrTaskRate_Hz                     0x0800b708   Data           4  os_cfg_app.o(.constdata)
    OSCfg_TmrTaskStkBasePtr                  0x0800b70c   Data           4  os_cfg_app.o(.constdata)
    OSCfg_TmrTaskStkLimit                    0x0800b710   Data           4  os_cfg_app.o(.constdata)
    OSCfg_TmrTaskStkSize                     0x0800b714   Data           4  os_cfg_app.o(.constdata)
    OSCfg_TmrTaskStkSizeRAM                  0x0800b718   Data           4  os_cfg_app.o(.constdata)
    OSCfg_TmrWheelSize                       0x0800b71c   Data           2  os_cfg_app.o(.constdata)
    OSCfg_TmrWheelSizeRAM                    0x0800b720   Data           4  os_cfg_app.o(.constdata)
    OSCfg_DataSizeRAM                        0x0800b724   Data           4  os_cfg_app.o(.constdata)
    OSDbg_DbgEn                              0x0800b728   Data           1  os_dbg.o(.constdata)
    OSDbg_ArgChkEn                           0x0800b729   Data           1  os_dbg.o(.constdata)
    OSDbg_AppHooksEn                         0x0800b72a   Data           1  os_dbg.o(.constdata)
    OSDbg_EndiannessTest                     0x0800b72c   Data           4  os_dbg.o(.constdata)
    OSDbg_CalledFromISRChkEn                 0x0800b730   Data           1  os_dbg.o(.constdata)
    OSDbg_FlagEn                             0x0800b731   Data           1  os_dbg.o(.constdata)
    OSDbg_FlagGrp                            0x0800b734   Data          40  os_dbg.o(.constdata)
    OSDbg_FlagDelEn                          0x0800b75c   Data           1  os_dbg.o(.constdata)
    OSDbg_FlagModeClrEn                      0x0800b75d   Data           1  os_dbg.o(.constdata)
    OSDbg_FlagPendAbortEn                    0x0800b75e   Data           1  os_dbg.o(.constdata)
    OSDbg_FlagGrpSize                        0x0800b760   Data           2  os_dbg.o(.constdata)
    OSDbg_FlagWidth                          0x0800b762   Data           2  os_dbg.o(.constdata)
    OSDbg_IntQ                               0x0800b764   Data           2  os_dbg.o(.constdata)
    OSDbg_ISRPostDeferredEn                  0x0800b766   Data           1  os_dbg.o(.constdata)
    OSDbg_Mem                                0x0800b768   Data          32  os_dbg.o(.constdata)
    OSDbg_MemEn                              0x0800b788   Data           1  os_dbg.o(.constdata)
    OSDbg_MemSize                            0x0800b78a   Data           2  os_dbg.o(.constdata)
    OSDbg_MsgEn                              0x0800b78c   Data           1  os_dbg.o(.constdata)
    OSDbg_MsgSize                            0x0800b78e   Data           2  os_dbg.o(.constdata)
    OSDbg_MsgPoolSize                        0x0800b790   Data           2  os_dbg.o(.constdata)
    OSDbg_MsgQSize                           0x0800b792   Data           2  os_dbg.o(.constdata)
    OSDbg_Mutex                              0x0800b794   Data          44  os_dbg.o(.constdata)
    OSDbg_MutexEn                            0x0800b7c0   Data           1  os_dbg.o(.constdata)
    OSDbg_MutexDelEn                         0x0800b7c1   Data           1  os_dbg.o(.constdata)
    OSDbg_MutexPendAbortEn                   0x0800b7c2   Data           1  os_dbg.o(.constdata)
    OSDbg_MutexSize                          0x0800b7c4   Data           2  os_dbg.o(.constdata)
    OSDbg_ObjTypeChkEn                       0x0800b7c6   Data           1  os_dbg.o(.constdata)
    OSDbg_PendMultiEn                        0x0800b7c7   Data           1  os_dbg.o(.constdata)
    OSDbg_PendDataSize                       0x0800b7c8   Data           2  os_dbg.o(.constdata)
    OSDbg_PendListSize                       0x0800b7ca   Data           2  os_dbg.o(.constdata)
    OSDbg_PendObjSize                        0x0800b7cc   Data           2  os_dbg.o(.constdata)
    OSDbg_PrioMax                            0x0800b7ce   Data           2  os_dbg.o(.constdata)
    OSDbg_PrioTblSize                        0x0800b7d0   Data           2  os_dbg.o(.constdata)
    OSDbg_PtrSize                            0x0800b7d2   Data           2  os_dbg.o(.constdata)
    OSDbg_Q                                  0x0800b7d4   Data          48  os_dbg.o(.constdata)
    OSDbg_QEn                                0x0800b804   Data           1  os_dbg.o(.constdata)
    OSDbg_QDelEn                             0x0800b805   Data           1  os_dbg.o(.constdata)
    OSDbg_QFlushEn                           0x0800b806   Data           1  os_dbg.o(.constdata)
    OSDbg_QPendAbortEn                       0x0800b807   Data           1  os_dbg.o(.constdata)
    OSDbg_QSize                              0x0800b808   Data           2  os_dbg.o(.constdata)
    OSDbg_SchedRoundRobinEn                  0x0800b80a   Data           1  os_dbg.o(.constdata)
    OSDbg_Sem                                0x0800b80c   Data          40  os_dbg.o(.constdata)
    OSDbg_SemEn                              0x0800b834   Data           1  os_dbg.o(.constdata)
    OSDbg_SemDelEn                           0x0800b835   Data           1  os_dbg.o(.constdata)
    OSDbg_SemPendAbortEn                     0x0800b836   Data           1  os_dbg.o(.constdata)
    OSDbg_SemSetEn                           0x0800b837   Data           1  os_dbg.o(.constdata)
    OSDbg_SemSize                            0x0800b838   Data           2  os_dbg.o(.constdata)
    OSDbg_RdyList                            0x0800b83a   Data           2  os_dbg.o(.constdata)
    OSDbg_RdyListSize                        0x0800b83c   Data           4  os_dbg.o(.constdata)
    OSDbg_StkWidth                           0x0800b840   Data           1  os_dbg.o(.constdata)
    OSDbg_StatTaskEn                         0x0800b841   Data           1  os_dbg.o(.constdata)
    OSDbg_StatTaskStkChkEn                   0x0800b842   Data           1  os_dbg.o(.constdata)
    OSDbg_TaskChangePrioEn                   0x0800b843   Data           1  os_dbg.o(.constdata)
    OSDbg_TaskDelEn                          0x0800b844   Data           1  os_dbg.o(.constdata)
    OSDbg_TaskQEn                            0x0800b845   Data           1  os_dbg.o(.constdata)
    OSDbg_TaskQPendAbortEn                   0x0800b846   Data           1  os_dbg.o(.constdata)
    OSDbg_TaskProfileEn                      0x0800b847   Data           1  os_dbg.o(.constdata)
    OSDbg_TaskRegTblSize                     0x0800b848   Data           2  os_dbg.o(.constdata)
    OSDbg_TaskSemPendAbortEn                 0x0800b84a   Data           1  os_dbg.o(.constdata)
    OSDbg_TaskSuspendEn                      0x0800b84b   Data           1  os_dbg.o(.constdata)
    OSDbg_TCBSize                            0x0800b84c   Data           2  os_dbg.o(.constdata)
    OSDbg_TickSpokeSize                      0x0800b84e   Data           2  os_dbg.o(.constdata)
    OSDbg_TimeDlyHMSMEn                      0x0800b850   Data           1  os_dbg.o(.constdata)
    OSDbg_TimeDlyResumeEn                    0x0800b851   Data           1  os_dbg.o(.constdata)
    OSDbg_TLS_TblSize                        0x0800b852   Data           2  os_dbg.o(.constdata)
    OSDbg_Tmr                                0x0800b854   Data          52  os_dbg.o(.constdata)
    OSDbg_TmrEn                              0x0800b888   Data           1  os_dbg.o(.constdata)
    OSDbg_TmrDelEn                           0x0800b889   Data           1  os_dbg.o(.constdata)
    OSDbg_TmrSize                            0x0800b88a   Data           2  os_dbg.o(.constdata)
    OSDbg_TmrSpokeSize                       0x0800b88c   Data           2  os_dbg.o(.constdata)
    OSDbg_VersionNbr                         0x0800b88e   Data           2  os_dbg.o(.constdata)
    OSDbg_DataSize                           0x0800b890   Data           4  os_dbg.o(.constdata)
    __mathlib_zero                           0x0800b980   Data           8  qnan.o(.constdata)
    Region$$Table$$Base                      0x0800b9a8   Number         0  anon$$obj.o(Region$$Table)
    Region$$Table$$Limit                     0x0800b9c8   Number         0  anon$$obj.o(Region$$Table)
    CPU_TS_TmrFreq_Hz                        0x20000014   Data           4  cpu_core.o(.data)
    OSPrioTbl                                0x20000018   Data           8  os_prio.o(.data)
    OS_AppTaskCreateHookPtr                  0x20000020   Data           4  os_var.o(.data)
    OS_AppTaskDelHookPtr                     0x20000024   Data           4  os_var.o(.data)
    OS_AppTaskReturnHookPtr                  0x20000028   Data           4  os_var.o(.data)
    OS_AppIdleTaskHookPtr                    0x2000002c   Data           4  os_var.o(.data)
    OS_AppStatTaskHookPtr                    0x20000030   Data           4  os_var.o(.data)
    OS_AppTaskSwHookPtr                      0x20000034   Data           4  os_var.o(.data)
    OS_AppTimeTickHookPtr                    0x20000038   Data           4  os_var.o(.data)
    OSIdleTaskCtr                            0x2000003c   Data           4  os_var.o(.data)
    OSIntNestingCtr                          0x20000040   Data           1  os_var.o(.data)
    OSRunning                                0x20000041   Data           1  os_var.o(.data)
    OSFlagDbgListPtr                         0x20000044   Data           4  os_var.o(.data)
    OSFlagQty                                0x20000048   Data           2  os_var.o(.data)
    OSMemDbgListPtr                          0x2000004c   Data           4  os_var.o(.data)
    OSMemQty                                 0x20000050   Data           2  os_var.o(.data)
    OSMutexDbgListPtr                        0x20000054   Data           4  os_var.o(.data)
    OSMutexQty                               0x20000058   Data           2  os_var.o(.data)
    OSPrioCur                                0x2000005a   Data           1  os_var.o(.data)
    OSPrioHighRdy                            0x2000005b   Data           1  os_var.o(.data)
    OSPrioSaved                              0x2000005c   Data           1  os_var.o(.data)
    OSQDbgListPtr                            0x20000060   Data           4  os_var.o(.data)
    OSQQty                                   0x20000064   Data           2  os_var.o(.data)
    OSSchedLockTimeBegin                     0x20000068   Data           4  os_var.o(.data)
    OSSchedLockTimeMax                       0x2000006c   Data           4  os_var.o(.data)
    OSSchedLockTimeMaxCur                    0x20000070   Data           4  os_var.o(.data)
    OSSchedLockNestingCtr                    0x20000074   Data           1  os_var.o(.data)
    OSSchedRoundRobinDfltTimeQuanta          0x20000078   Data           4  os_var.o(.data)
    OSSchedRoundRobinEn                      0x2000007c   Data           1  os_var.o(.data)
    OSSemDbgListPtr                          0x20000080   Data           4  os_var.o(.data)
    OSSemQty                                 0x20000084   Data           2  os_var.o(.data)
    OSStatResetFlag                          0x20000086   Data           1  os_var.o(.data)
    OSStatTaskCPUUsage                       0x20000088   Data           2  os_var.o(.data)
    OSStatTaskCPUUsageMax                    0x2000008a   Data           2  os_var.o(.data)
    OSStatTaskCtr                            0x2000008c   Data           4  os_var.o(.data)
    OSStatTaskCtrMax                         0x20000090   Data           4  os_var.o(.data)
    OSStatTaskCtrRun                         0x20000094   Data           4  os_var.o(.data)
    OSStatTaskRdy                            0x20000098   Data           1  os_var.o(.data)
    OSStatTaskTimeMax                        0x2000009c   Data           4  os_var.o(.data)
    OSTaskCtxSwCtr                           0x200000a0   Data           4  os_var.o(.data)
    OSTaskDbgListPtr                         0x200000a4   Data           4  os_var.o(.data)
    OSTaskQty                                0x200000a8   Data           2  os_var.o(.data)
    OSTaskRegNextAvailID                     0x200000aa   Data           1  os_var.o(.data)
    OSTickCtr                                0x200000ac   Data           4  os_var.o(.data)
    OSTickTaskTimeMax                        0x200000b0   Data           4  os_var.o(.data)
    OSTmrDbgListPtr                          0x200000b4   Data           4  os_var.o(.data)
    OSTmrQty                                 0x200000b8   Data           2  os_var.o(.data)
    OSTmrTaskTimeMax                         0x200000bc   Data           4  os_var.o(.data)
    OSTmrTickCtr                             0x200000c0   Data           4  os_var.o(.data)
    OSTmrUpdateCnt                           0x200000c4   Data           4  os_var.o(.data)
    OSTmrUpdateCtr                           0x200000c8   Data           4  os_var.o(.data)
    OSTCBCurPtr                              0x200000cc   Data           4  os_var.o(.data)
    OSTCBHighRdyPtr                          0x200000d0   Data           4  os_var.o(.data)
    OS_CPU_ExceptStkBase                     0x200000d4   Data           4  os_cpu_c.o(.data)
    angle_approximate                        0x200000d8   Data           8  my_platform.o(.data)
    angle_raw                                0x200000e0   Data           8  my_platform.o(.data)
    imu_dma_rx_count                         0x200000e8   Data           2  my_platform.o(.data)
    imu_tx_busy_flag                         0x200000ea   Data           1  my_platform.o(.data)
    plat_break_flag                          0x200000eb   Data           1  my_platform.o(.data)
    imu                                      0x200000ec   Data          20  my_platform.o(.data)
    servo                                    0x20000100   Data          10  my_platform.o(.data)
    plat_update_flag                         0x2000010a   Data           1  my_platform.o(.data)
    FlightControl                            0x2000010c   Data           8  task.o(.data)
    Errangle_Info                            0x20000114   Data           8  task.o(.data)
    XAdjustSpeed                             0x2000011c   Data           4  task.o(.data)
    YAdjustSpeed                             0x20000120   Data           4  task.o(.data)
    ButtonLineAngleTg                        0x20000124   Data           1  task.o(.data)
    step                                     0x20000125   Data           1  task.o(.data)
    landflag                                 0x20000126   Data           1  task.o(.data)
    StartFly                                 0x20000127   Data           1  task.o(.data)
    US100_Altinfo                            0x20000128   Data           4  task.o(.data)
    USE_BLUETOOTH                            0x2000012c   Data           1  task.o(.data)
    Gyro_Off_started                         0x20000168   Data           1  mpu6500.o(.data)
    lastAx                                   0x2000016a   Data           2  mpu6500.o(.data)
    lastAy                                   0x2000016c   Data           2  mpu6500.o(.data)
    lastAz                                   0x2000016e   Data           2  mpu6500.o(.data)
    lastGx                                   0x20000170   Data           2  mpu6500.o(.data)
    lastGy                                   0x20000172   Data           2  mpu6500.o(.data)
    lastGz                                   0x20000174   Data           2  mpu6500.o(.data)
    Acc_Flow_x                               0x2000018c   Data           4  imu_ahrs.o(.data)
    Acc_Flow_y                               0x20000190   Data           4  imu_ahrs.o(.data)
    Acc_Flow_z                               0x20000194   Data           4  imu_ahrs.o(.data)
    lastMx                                   0x200001c0   Data           2  lsm303d.o(.data)
    lastMy                                   0x200001c2   Data           2  lsm303d.o(.data)
    lastMz                                   0x200001c4   Data           2  lsm303d.o(.data)
    Mag_maxx                                 0x200001dc   Data           2  lsm303d.o(.data)
    Mag_maxy                                 0x200001de   Data           2  lsm303d.o(.data)
    Mag_maxz                                 0x200001e0   Data           2  lsm303d.o(.data)
    Mag_minx                                 0x200001e2   Data           2  lsm303d.o(.data)
    Mag_miny                                 0x200001e4   Data           2  lsm303d.o(.data)
    Mag_minz                                 0x200001e6   Data           2  lsm303d.o(.data)
    Mag_calib                                0x200001e8   Data           1  lsm303d.o(.data)
    Flag_Tx_Uart1_Busy                       0x200001ec   Data           4  usart1topc.o(.data)
    __stdout                                 0x200001f0   Data           4  usart1topc.o(.data)
    USART_RX_STA                             0x200001f4   Data           2  usart1topc.o(.data)
    Flag_Tx_Uart6_Busy                       0x200001f8   Data           4  usart6tovision.o(.data)
    ButtonVisionHeartCnt                     0x200001fc   Data           2  timer3_ahrs_inner.o(.data)
    HorizonVisionHeartCnt                    0x200001fe   Data           2  timer3_ahrs_inner.o(.data)
    HorizonVisionErroFlag                    0x20000200   Data           1  timer3_ahrs_inner.o(.data)
    ButtonVisionErroFlag                     0x20000201   Data           1  timer3_ahrs_inner.o(.data)
    Flag_Tx_Uart3_Busy                       0x20000208   Data           4  usart3tobluetooth.o(.data)
    Flag_Tx_Uart5_Busy                       0x2000020c   Data           4  usart5toultra.o(.data)
    ultra_time                               0x20000210   Data           2  usart5toultra.o(.data)
    ReceiveHeight                            0x20000212   Data           2  usart5toultra.o(.data)
    RequireFlag                              0x20000214   Data           1  usart5toultra.o(.data)
    lowpass_filter                           0x20000260   Data           4  inner_control.o(.data)
    takeoff_suce_flag                        0x20000274   Data           1  outer_control.o(.data)
    YspeedWeight                             0x20000290   Data           4  outer_control.o(.data)
    throttleBasic                            0x20000384   Data           4  data_deal.o(.data)
    TurnFlag                                 0x20000388   Data           1  data_deal.o(.data)
    twoKp                                    0x2000038c   Data           4  mahonyahrs.o(.data)
    twoKi                                    0x20000390   Data           4  mahonyahrs.o(.data)
    q0                                       0x20000394   Data           4  mahonyahrs.o(.data)
    q1                                       0x20000398   Data           4  mahonyahrs.o(.data)
    q2                                       0x2000039c   Data           4  mahonyahrs.o(.data)
    q3                                       0x200003a0   Data           4  mahonyahrs.o(.data)
    integralFBx                              0x200003a4   Data           4  mahonyahrs.o(.data)
    integralFBy                              0x200003a8   Data           4  mahonyahrs.o(.data)
    integralFBz                              0x200003ac   Data           4  mahonyahrs.o(.data)
    __microlib_freelist                      0x2000049c   Data           4  mvars.o(.data)
    __microlib_freelist_initialised          0x200004a0   Data           4  mvars.o(.data)
    CPU_Name                                 0x200004a8   Data          16  cpu_core.o(.bss)
    OSCfg_IdleTaskStk                        0x200004b8   Data         512  os_cfg_app.o(.bss)
    OSCfg_ISRStk                             0x200006b8   Data         512  os_cfg_app.o(.bss)
    OSCfg_MsgPool                            0x200008b8   Data        1600  os_cfg_app.o(.bss)
    OSCfg_StatTaskStk                        0x20000ef8   Data         512  os_cfg_app.o(.bss)
    OSCfg_TickTaskStk                        0x200010f8   Data         512  os_cfg_app.o(.bss)
    OSCfg_TickWheel                          0x200012f8   Data         136  os_cfg_app.o(.bss)
    OSCfg_TmrTaskStk                         0x20001380   Data         512  os_cfg_app.o(.bss)
    OSCfg_TmrWheel                           0x20001580   Data         136  os_cfg_app.o(.bss)
    OSIdleTaskTCB                            0x20001608   Data         196  os_var.o(.bss)
    OSMsgPool                                0x200016cc   Data          12  os_var.o(.bss)
    OSRdyList                                0x200016d8   Data         768  os_var.o(.bss)
    OSStatTaskTCB                            0x200019d8   Data         196  os_var.o(.bss)
    OSTickTaskTCB                            0x20001a9c   Data         196  os_var.o(.bss)
    OSTmrTaskTCB                             0x20001b60   Data         196  os_var.o(.bss)
    usart2_rx_buf                            0x20001c24   Data          30  my_platform.o(.bss)
    usart2_tx_buf                            0x20001c42   Data          15  my_platform.o(.bss)
    plat_pid_roll                            0x20001c54   Data          28  my_platform.o(.bss)
    plat_pid_pitch                           0x20001c70   Data          28  my_platform.o(.bss)
    StartTaskTCB                             0x20001c8c   Data         196  stm32f4xx_main.o(.bss)
    START_TASK_STK                           0x20001d50   Data        4096  stm32f4xx_main.o(.bss)
    IMUTaskTCB                               0x20002d50   Data         196  stm32f4xx_main.o(.bss)
    IMU_TASK_STK                             0x20002e14   Data        4096  stm32f4xx_main.o(.bss)
    AttitudeInnerTaskTCB                     0x20003e14   Data         196  stm32f4xx_main.o(.bss)
    AttitudeInner_TASK_STK                   0x20003ed8   Data        4096  stm32f4xx_main.o(.bss)
    PostionInnerTaskTCB                      0x20004ed8   Data         196  stm32f4xx_main.o(.bss)
    PostionInner_TASK_STK                    0x20004f9c   Data        4096  stm32f4xx_main.o(.bss)
    CombineTaskTCB                           0x20005f9c   Data         196  stm32f4xx_main.o(.bss)
    Combine_TASK_STK                         0x20006060   Data        4096  stm32f4xx_main.o(.bss)
    AttitudeOuterTaskTCB                     0x20007060   Data         196  stm32f4xx_main.o(.bss)
    AttitudeOuter_TASK_STK                   0x20007124   Data        4096  stm32f4xx_main.o(.bss)
    PostionOuterTaskTCB                      0x20008124   Data         196  stm32f4xx_main.o(.bss)
    PostionOuter_TASK_STK                    0x200081e8   Data        4096  stm32f4xx_main.o(.bss)
    DataDealTaskTCB                          0x200091e8   Data         196  stm32f4xx_main.o(.bss)
    DataDeal_TASK_STK                        0x200092ac   Data        4096  stm32f4xx_main.o(.bss)
    Usart1toPCTaskTCB                        0x2000a2ac   Data         196  stm32f4xx_main.o(.bss)
    Usart1toPC_TASK_STK                      0x2000a370   Data        4096  stm32f4xx_main.o(.bss)
    Uart5toUltraTaskTCB                      0x2000b370   Data         196  stm32f4xx_main.o(.bss)
    Uart5toUltra_TASK_STK                    0x2000b434   Data        4096  stm32f4xx_main.o(.bss)
    BatteryTaskTCB                           0x2000c434   Data         196  stm32f4xx_main.o(.bss)
    Battery_TASK_STK                         0x2000c4f8   Data        4096  stm32f4xx_main.o(.bss)
    TakeOffTaskTCB                           0x2000d4f8   Data         196  stm32f4xx_main.o(.bss)
    TakeOff_TASK_STK                         0x2000d5bc   Data        4096  stm32f4xx_main.o(.bss)
    Para_Info                                0x2000e5bc   Data          96  task.o(.bss)
    RT_Info                                  0x2000e61c   Data          76  task.o(.bss)
    Target_Info                              0x2000e668   Data          32  task.o(.bss)
    Control_Info                             0x2000e688   Data          16  task.o(.bss)
    Throttle_Info                            0x2000e698   Data          16  task.o(.bss)
    IMU_proc                                 0x2000e6a8   Data          40  task.o(.bss)
    AttitudeInner_proc                       0x2000e6d0   Data          40  task.o(.bss)
    Vision_proc                              0x2000e6f8   Data          40  task.o(.bss)
    Vision_proc_Horizon                      0x2000e720   Data          40  task.o(.bss)
    DataDeal_proc                            0x2000e748   Data          40  task.o(.bss)
    LineInspect                              0x2000e7e0   Data          20  lineinspection.o(.bss)
    MPU6500_FIFO                             0x2000e7f4   Data         140  mpu6500.o(.bss)
    RDrone_R                                 0x2000e890   Data          36  imu_ahrs.o(.bss)
    RDrone_R2                                0x2000e8b4   Data          36  imu_ahrs.o(.bss)
    Accel_Src                                0x2000e8d8   Data          12  imu_ahrs.o(.bss)
    Tx_Buf_Uart1                             0x2000e990   Data         512  usart1topc.o(.bss)
    Rx_Buf_Uart1                             0x2000eb90   Data         512  usart1topc.o(.bss)
    USART_RX_BUF                             0x2000ed90   Data         200  usart1topc.o(.bss)
    PC_rx                                    0x2000ee58   Data          24  usart1topc.o(.bss)
    flashData                                0x2000ee70   Data         108  flash.o(.bss)
    Tx_Buf_Uart6                             0x2000eedc   Data         512  usart6tovision.o(.bss)
    Rx_Buf_Uart6                             0x2000f0dc   Data         512  usart6tovision.o(.bss)
    Vision                                   0x2000f2dc   Data          24  usart6tovision.o(.bss)
    Tx_Buf_Uart3                             0x2000f330   Data         512  usart3tobluetooth.o(.bss)
    Rx_Buf_Uart3                             0x2000f530   Data         512  usart3tobluetooth.o(.bss)
    Bluetooth_rx                             0x2000f730   Data          24  usart3tobluetooth.o(.bss)
    Rx_Buf_Uart5                             0x2000f748   Data         512  usart5toultra.o(.bss)
    Tx_Buf_Uart5                             0x2000f948   Data         512  usart5toultra.o(.bss)
    Ultradata                                0x2000fb48   Data          24  usart5toultra.o(.bss)
    Vision_Horizon                           0x2000fb60   Data          24  usart5toultra.o(.bss)
    pidRatePitch                             0x2000fb78   Data          20  inner_control.o(.bss)
    pidRateRoll                              0x2000fb8c   Data          20  inner_control.o(.bss)
    pidRateYaw                               0x2000fba0   Data          20  inner_control.o(.bss)
    pidAccHeight                             0x2000fbb4   Data          20  inner_control.o(.bss)
    pidAccPitch                              0x2000fbc8   Data          20  inner_control.o(.bss)
    pidAccRoll                               0x2000fbdc   Data          20  inner_control.o(.bss)
    pidXSpeed                                0x2000fbf0   Data          20  inner_control.o(.bss)
    pidYSpeed                                0x2000fc04   Data          20  inner_control.o(.bss)
    pidFlowx                                 0x2000fc18   Data          20  inner_control.o(.bss)
    pidFlowy                                 0x2000fc2c   Data          20  inner_control.o(.bss)
    pidPitch                                 0x2000fc40   Data          20  outer_control.o(.bss)
    pidRoll                                  0x2000fc54   Data          20  outer_control.o(.bss)
    pidYaw                                   0x2000fc68   Data          20  outer_control.o(.bss)
    pidHeight                                0x2000fc7c   Data          20  outer_control.o(.bss)
    pidPointX                                0x2000fc90   Data          20  outer_control.o(.bss)
    pidPointY                                0x2000fca4   Data          20  outer_control.o(.bss)
    pidFlowX                                 0x2000fcb8   Data          20  outer_control.o(.bss)
    pidFlowY                                 0x2000fccc   Data          20  outer_control.o(.bss)
    pidOptical                               0x2000fce0   Data          20  outer_control.o(.bss)
    Stitchingdata                            0x20010118   Data          24  data_deal.o(.bss)
    __heap_base                              0x200102d0   Data           0  startup_stm32f40_41xxx.o(HEAP)
    __heap_limit                             0x200104d0   Data           0  startup_stm32f40_41xxx.o(HEAP)
    __initial_sp                             0x200108d0   Data           0  startup_stm32f40_41xxx.o(STACK)



==============================================================================

Memory Map of the image

  Image Entry point : 0x08000189

  Load Region LR_IROM1 (Base: 0x08000000, Size: 0x0000be70, Max: 0x00100000, ABSOLUTE, COMPRESSED[0x0000ba5c])

    Execution Region ER_IROM1 (Base: 0x08000000, Size: 0x0000b9c8, Max: 0x00100000, ABSOLUTE)

    Base Addr    Size         Type   Attr      Idx    E Section Name        Object

    0x08000000   0x00000188   Data   RO           95    RESET               startup_stm32f40_41xxx.o
    0x08000188   0x00000000   Code   RO         8750  * .ARM.Collect$$$$00000000  mc_w.l(entry.o)
    0x08000188   0x00000004   Code   RO         9119    .ARM.Collect$$$$00000001  mc_w.l(entry2.o)
    0x0800018c   0x00000004   Code   RO         9122    .ARM.Collect$$$$00000004  mc_w.l(entry5.o)
    0x08000190   0x00000000   Code   RO         9124    .ARM.Collect$$$$00000008  mc_w.l(entry7b.o)
    0x08000190   0x00000000   Code   RO         9126    .ARM.Collect$$$$0000000A  mc_w.l(entry8b.o)
    0x08000190   0x00000008   Code   RO         9127    .ARM.Collect$$$$0000000B  mc_w.l(entry9a.o)
    0x08000198   0x00000000   Code   RO         9129    .ARM.Collect$$$$0000000D  mc_w.l(entry10a.o)
    0x08000198   0x00000000   Code   RO         9131    .ARM.Collect$$$$0000000F  mc_w.l(entry11a.o)
    0x08000198   0x00000004   Code   RO         9120    .ARM.Collect$$$$00002712  mc_w.l(entry2.o)
    0x0800019c   0x00000024   Code   RO           96    .text               startup_stm32f40_41xxx.o
    0x080001c0   0x00000034   Code   RO         2592    .text               cpu_a.o
    0x080001f4   0x00000024   Code   RO         8755    .text               mc_w.l(memcpya.o)
    0x08000218   0x000000e4   Code   RO         9051    .text               mf_w.l(dmul.o)
    0x080002fc   0x000000de   Code   RO         9053    .text               mf_w.l(ddiv.o)
    0x080003da   0x00000026   Code   RO         9057    .text               mf_w.l(f2d.o)
    0x08000400   0x00000038   Code   RO         9059    .text               mf_w.l(d2f.o)
    0x08000438   0x0000001e   Code   RO         9135    .text               mc_w.l(llshl.o)
    0x08000456   0x00000020   Code   RO         9137    .text               mc_w.l(llushr.o)
    0x08000476   0x00000000   Code   RO         9148    .text               mc_w.l(iusefp.o)
    0x08000476   0x0000006e   Code   RO         9149    .text               mf_w.l(fepilogue.o)
    0x080004e4   0x000000ba   Code   RO         9151    .text               mf_w.l(depilogue.o)
    0x0800059e   0x0000014e   Code   RO         9153    .text               mf_w.l(dadd.o)
    0x080006ec   0x000000a2   Code   RO         9155    .text               mf_w.l(dsqrt.o)
    0x0800078e   0x00000002   PAD
    0x08000790   0x00000024   Code   RO         9165    .text               mc_w.l(init.o)
    0x080007b4   0x00000024   Code   RO         9167    .text               mc_w.l(llsshr.o)
    0x080007d8   0x00000056   Code   RO         9177    .text               mc_w.l(__dczerorl2.o)
    0x0800082e   0x00000002   PAD
    0x08000830   0x000000ac   Code   RO         4084    CODE                os_cpu_a.o
    0x080008dc   0x00000016   Code   RO         1964    i.ADC_Cmd           stm32f4xx_adc.o
    0x080008f2   0x00000002   PAD
    0x080008f4   0x00000030   Code   RO         1965    i.ADC_CommonInit    stm32f4xx_adc.o
    0x08000924   0x00000016   Code   RO         1968    i.ADC_DMACmd        stm32f4xx_adc.o
    0x0800093a   0x00000016   Code   RO         1969    i.ADC_DMARequestAfterLastTransferCmd  stm32f4xx_adc.o
    0x08000950   0x00000054   Code   RO         1984    i.ADC_Init          stm32f4xx_adc.o
    0x080009a4   0x000000b8   Code   RO         1989    i.ADC_RegularChannelConfig  stm32f4xx_adc.o
    0x08000a5c   0x0000000a   Code   RO         1991    i.ADC_SoftwareStartConv  stm32f4xx_adc.o
    0x08000a66   0x00000018   Code   RO         6560    i.Abs_Funcation     neurons.o
    0x08000a7e   0x00000002   PAD
    0x08000a80   0x00000110   Code   RO         5581    i.Adc_Batteryinit   adc_battery.o
    0x08000b90   0x00000350   Code   RO         6468    i.AttitudeInner_control  inner_control.o
    0x08000ee0   0x00000100   Code   RO         4814    i.AttitudeInner_task  task.o
    0x08000fe0   0x000001d8   Code   RO         6520    i.AttitudeOuter_control  outer_control.o
    0x080011b8   0x0000001e   Code   RO         4815    i.AttitudeOuter_task  task.o
    0x080011d6   0x00000002   PAD
    0x080011d8   0x00000084   Code   RO         5582    i.Average_battery   adc_battery.o
    0x0800125c   0x0000000e   Code   RO         2379    i.BSP_CPU_ClkFreq   bsp.o
    0x0800126a   0x00000002   PAD
    0x0800126c   0x00000088   Code   RO         4816    i.Battery_task      task.o
    0x080012f4   0x0000000c   Code   RO         5729    i.Bluetooth_init    bluetooth.o
    0x08001300   0x00000004   Code   RO         4761    i.BusFault_Handler  stm32f4xx_it.o
    0x08001304   0x0000000c   Code   RO         2426    i.CPU_Init          cpu_core.o
    0x08001310   0x00000030   Code   RO         2427    i.CPU_NameClr       cpu_core.o
    0x08001340   0x00000008   Code   RO         2429    i.CPU_NameInit      cpu_core.o
    0x08001348   0x00000014   Code   RO         2433    i.CPU_TS_Init       cpu_core.o
    0x0800135c   0x0000000c   Code   RO         2435    i.CPU_TS_TmrFreqSet  cpu_core.o
    0x08001368   0x00000034   Code   RO         2381    i.CPU_TS_TmrInit    bsp.o
    0x0800139c   0x0000000c   Code   RO         2382    i.CPU_TS_TmrRd      bsp.o
    0x080013a8   0x00000198   Code   RO         6469    i.Calculate_output  inner_control.o
    0x08001540   0x00000030   Code   RO         4817    i.Combine_task      task.o
    0x08001570   0x00000010   Code   RO         5636    i.DMA1_Stream3_IRQHandler  usart3tobluetooth.o
    0x08001580   0x00000048   Code   RO         4244    i.DMA1_Stream6_IRQHandler  my_platform.o
    0x080015c8   0x00000040   Code   RO         5752    i.DMA1_Stream7_IRQHandler  usart5toultra.o
    0x08001608   0x00000044   Code   RO         5477    i.DMA2_Stream6_IRQHandler  usart6tovision.o
    0x0800164c   0x00000010   Code   RO         5259    i.DMA2_Stream7_IRQHandler  usart1topc.o
    0x0800165c   0x00000034   Code   RO         1496    i.DMA_ClearFlag     stm32f4xx_dma.o
    0x08001690   0x00000016   Code   RO         1498    i.DMA_Cmd           stm32f4xx_dma.o
    0x080016a6   0x00000002   PAD
    0x080016a8   0x00000158   Code   RO         1499    i.DMA_DeInit        stm32f4xx_dma.o
    0x08001800   0x00000008   Code   RO         1504    i.DMA_GetCurrDataCounter  stm32f4xx_dma.o
    0x08001808   0x00000064   Code   RO         1508    i.DMA_GetITStatus   stm32f4xx_dma.o
    0x0800186c   0x0000003a   Code   RO         1509    i.DMA_ITConfig      stm32f4xx_dma.o
    0x080018a6   0x00000002   PAD
    0x080018a8   0x00000058   Code   RO         1510    i.DMA_Init          stm32f4xx_dma.o
    0x08001900   0x00000004   Code   RO         1513    i.DMA_SetCurrDataCounter  stm32f4xx_dma.o
    0x08001904   0x000000a0   Code   RO         4819    i.DataDeal_task     task.o
    0x080019a4   0x00000002   Code   RO         4762    i.DebugMon_Handler  stm32f4xx_it.o
    0x080019a6   0x00000002   PAD
    0x080019a8   0x00000024   Code   RO         1625    i.FLASH_DataCacheCmd  stm32f4xx_flash.o
    0x080019cc   0x00000088   Code   RO         1630    i.FLASH_EraseSector  stm32f4xx_flash.o
    0x08001a54   0x00000054   Code   RO         1632    i.FLASH_GetStatus   stm32f4xx_flash.o
    0x08001aa8   0x00000014   Code   RO         1636    i.FLASH_Lock        stm32f4xx_flash.o
    0x08001abc   0x00000050   Code   RO         1660    i.FLASH_ProgramWord  stm32f4xx_flash.o
    0x08001b0c   0x00000024   Code   RO         1662    i.FLASH_Unlock      stm32f4xx_flash.o
    0x08001b30   0x00000022   Code   RO         1663    i.FLASH_WaitForLastOperation  stm32f4xx_flash.o
    0x08001b52   0x00000002   PAD
    0x08001b54   0x0000002c   Code   RO         6957    i.Filter_FIRinit    position.o
    0x08001b80   0x0000001c   Code   RO         6705    i.FloatToByte       type_conversion.o
    0x08001b9c   0x00000090   Code   RO          151    i.GPIO_Init         stm32f4xx_gpio.o
    0x08001c2c   0x00000046   Code   RO          152    i.GPIO_PinAFConfig  stm32f4xx_gpio.o
    0x08001c72   0x00000004   Code   RO          158    i.GPIO_ResetBits    stm32f4xx_gpio.o
    0x08001c76   0x00000004   Code   RO          159    i.GPIO_SetBits      stm32f4xx_gpio.o
    0x08001c7a   0x00000002   PAD
    0x08001c7c   0x000000d8   Code   RO         5616    i.General_Gpioinit  general_gpio.o
    0x08001d54   0x00000030   Code   RO         5583    i.Get_battery       adc_battery.o
    0x08001d84   0x00000004   Code   RO         4763    i.HardFault_Handler  stm32f4xx_it.o
    0x08001d88   0x0000001a   Code   RO         6706    i.Hex_To_Decimal    type_conversion.o
    0x08001da2   0x00000018   Code   RO         5121    i.IMU_HardwareInit  imu_ahrs.o
    0x08001dba   0x00000002   PAD
    0x08001dbc   0x0000067c   Code   RO         5122    i.IMU_getInfo       imu_ahrs.o
    0x08002438   0x0000008c   Code   RO         5123    i.IMU_getValues     imu_ahrs.o
    0x080024c4   0x00000038   Code   RO         4821    i.IMU_task          task.o
    0x080024fc   0x00000160   Code   RO         6470    i.Inner_pidinit     inner_control.o
    0x0800265c   0x00000018   Code   RO         6709    i.IntToByte         type_conversion.o
    0x08002674   0x0000001e   Code   RO         5188    i.LSM303_GetAvg     lsm303d.o
    0x08002692   0x00000002   PAD
    0x08002694   0x00000010   Code   RO         5191    i.LSM303_NewValMag  lsm303d.o
    0x080026a4   0x000001f8   Code   RO         5195    i.LSM303_readMag    lsm303d.o
    0x0800289c   0x0000001e   Code   RO         6879    i.Limits_data       limits.o
    0x080028ba   0x0000001e   Code   RO         5056    i.MPU6500_GetAvg    mpu6500.o
    0x080028d8   0x000000c0   Code   RO         5057    i.MPU6500_Init_Offset  mpu6500.o
    0x08002998   0x00000010   Code   RO         5058    i.MPU6500_NewVal    mpu6500.o
    0x080029a8   0x00000066   Code   RO         5059    i.MPU6500_initialize  mpu6500.o
    0x08002a0e   0x00000002   PAD
    0x08002a10   0x00000178   Code   RO         5060    i.MPU6500_readGyro_Acc  mpu6500.o
    0x08002b88   0x0000002c   Code   RO         5063    i.MPU6500_writeReg  mpu6500.o
    0x08002bb4   0x00000344   Code   RO         6842    i.MahonyAHRSupdateIMU  mahonyahrs.o
    0x08002ef8   0x0000013c   Code   RO         6905    i.Median_filter     medianfiler.o
    0x08003034   0x00000004   Code   RO         4764    i.MemManage_Handler  stm32f4xx_it.o
    0x08003038   0x00000012   Code   RO         2736    i.Mem_Clr           lib_mem.o
    0x0800304a   0x00000054   Code   RO         2752    i.Mem_Set           lib_mem.o
    0x0800309e   0x00000002   Code   RO         4765    i.NMI_Handler       stm32f4xx_it.o
    0x080030a0   0x00000078   Code   RO          102    i.NVIC_Init         misc.o
    0x08003118   0x00000014   Code   RO          103    i.NVIC_PriorityGroupConfig  misc.o
    0x0800312c   0x00000250   Code   RO         6561    i.Neurons_PID_Hight  neurons.o
    0x0800337c   0x00000258   Code   RO         6564    i.Neurons_pidinit   neurons.o
    0x080035d4   0x00000002   Code   RO         3005    i.OSCfg_Init        os_cfg_app.o
    0x080035d6   0x00000002   PAD
    0x080035d8   0x00000014   Code   RO         4089    i.OSIdleTaskHook    os_cpu_c.o
    0x080035ec   0x00000180   Code   RO         3028    i.OSInit            os_core.o
    0x0800376c   0x00000028   Code   RO         4090    i.OSInitHook        os_cpu_c.o
    0x08003794   0x0000002c   Code   RO         3029    i.OSIntEnter        os_core.o
    0x080037c0   0x000000dc   Code   RO         3030    i.OSIntExit         os_core.o
    0x0800389c   0x000000a0   Code   RO         3031    i.OSSched           os_core.o
    0x0800393c   0x00000074   Code   RO         3032    i.OSSchedLock       os_core.o
    0x080039b0   0x00000064   Code   RO         3033    i.OSSchedRoundRobinCfg  os_core.o
    0x08003a14   0x00000094   Code   RO         3035    i.OSSchedUnlock     os_core.o
    0x08003aa8   0x00000080   Code   RO         3620    i.OSSemCreate       os_sem.o
    0x08003b28   0x000001a8   Code   RO         3622    i.OSSemPend         os_sem.o
    0x08003cd0   0x00000070   Code   RO         3624    i.OSSemPost         os_sem.o
    0x08003d40   0x00000068   Code   RO         3036    i.OSStart           os_core.o
    0x08003da8   0x00000128   Code   RO         3692    i.OSStatReset       os_stat.o
    0x08003ed0   0x000000f0   Code   RO         3693    i.OSStatTaskCPUUsageInit  os_stat.o
    0x08003fc0   0x00000014   Code   RO         4091    i.OSStatTaskHook    os_cpu_c.o
    0x08003fd4   0x000001b4   Code   RO         3723    i.OSTaskCreate      os_task.o
    0x08004188   0x00000018   Code   RO         4092    i.OSTaskCreateHook  os_cpu_c.o
    0x080041a0   0x00000128   Code   RO         3724    i.OSTaskDel         os_task.o
    0x080042c8   0x00000018   Code   RO         4093    i.OSTaskDelHook     os_cpu_c.o
    0x080042e0   0x00000068   Code   RO         3732    i.OSTaskResume      os_task.o
    0x08004348   0x00000018   Code   RO         4094    i.OSTaskReturnHook  os_cpu_c.o
    0x08004360   0x000001dc   Code   RO         3733    i.OSTaskSemPend     os_task.o
    0x0800453c   0x0000003e   Code   RO         3735    i.OSTaskSemPost     os_task.o
    0x0800457a   0x00000002   PAD
    0x0800457c   0x000000d4   Code   RO         3737    i.OSTaskStkChk      os_task.o
    0x08004650   0x0000025c   Code   RO         4095    i.OSTaskStkInit     os_cpu_c.o
    0x080048ac   0x00000038   Code   RO         3738    i.OSTaskSuspend     os_task.o
    0x080048e4   0x00000088   Code   RO         4096    i.OSTaskSwHook      os_cpu_c.o
    0x0800496c   0x000000c4   Code   RO         3938    i.OSTimeDly         os_time.o
    0x08004a30   0x0000019c   Code   RO         3939    i.OSTimeDlyHMSM     os_time.o
    0x08004bcc   0x0000005c   Code   RO         3943    i.OSTimeTick        os_time.o
    0x08004c28   0x00000014   Code   RO         4097    i.OSTimeTickHook    os_cpu_c.o
    0x08004c3c   0x000001ac   Code   RO         3268    i.OS_Dbg_Init       os_dbg.o
    0x08004de8   0x00000018   Code   RO         3293    i.OS_FlagInit       os_flag.o
    0x08004e00   0x00000044   Code   RO         3038    i.OS_IdleTask       os_core.o
    0x08004e44   0x00000070   Code   RO         3039    i.OS_IdleTaskInit   os_core.o
    0x08004eb4   0x00000018   Code   RO         3377    i.OS_MemInit        os_mem.o
    0x08004ecc   0x0000007c   Code   RO         3409    i.OS_MsgPoolInit    os_msg.o
    0x08004f48   0x00000044   Code   RO         3410    i.OS_MsgQFreeAll    os_msg.o
    0x08004f8c   0x0000000e   Code   RO         3412    i.OS_MsgQInit       os_msg.o
    0x08004f9a   0x00000002   PAD
    0x08004f9c   0x00000018   Code   RO         3453    i.OS_MutexInit      os_mutex.o
    0x08004fb4   0x00000068   Code   RO         3040    i.OS_Pend           os_core.o
    0x0800501c   0x00000026   Code   RO         3043    i.OS_PendDataInit   os_core.o
    0x08005042   0x00000002   PAD
    0x08005044   0x0000005c   Code   RO         3044    i.OS_PendDbgNameAdd  os_core.o
    0x080050a0   0x00000024   Code   RO         3045    i.OS_PendDbgNameRemove  os_core.o
    0x080050c4   0x0000000a   Code   RO         3047    i.OS_PendListInit   os_core.o
    0x080050ce   0x00000066   Code   RO         3049    i.OS_PendListInsertPrio  os_core.o
    0x08005134   0x00000030   Code   RO         3050    i.OS_PendListRemove  os_core.o
    0x08005164   0x00000042   Code   RO         3051    i.OS_PendListRemove1  os_core.o
    0x080051a6   0x000000c0   Code   RO         3054    i.OS_Post           os_core.o
    0x08005266   0x0000002a   Code   RO         3055    i.OS_Post1          os_core.o
    0x08005290   0x00000028   Code   RO         3511    i.OS_PrioGetHighest  os_prio.o
    0x080052b8   0x00000018   Code   RO         3512    i.OS_PrioInit       os_prio.o
    0x080052d0   0x00000024   Code   RO         3513    i.OS_PrioInsert     os_prio.o
    0x080052f4   0x00000024   Code   RO         3514    i.OS_PrioRemove     os_prio.o
    0x08005318   0x00000018   Code   RO         3557    i.OS_QInit          os_q.o
    0x08005330   0x00000024   Code   RO         3056    i.OS_RdyListInit    os_core.o
    0x08005354   0x0000002c   Code   RO         3057    i.OS_RdyListInsert  os_core.o
    0x08005380   0x00000040   Code   RO         3058    i.OS_RdyListInsertHead  os_core.o
    0x080053c0   0x0000003c   Code   RO         3059    i.OS_RdyListInsertTail  os_core.o
    0x080053fc   0x00000044   Code   RO         3060    i.OS_RdyListMoveHeadToTail  os_core.o
    0x08005440   0x0000005c   Code   RO         3061    i.OS_RdyListRemove  os_core.o
    0x0800549c   0x0000001c   Code   RO         3062    i.OS_SchedLockTimeMeasStart  os_core.o
    0x080054b8   0x0000003c   Code   RO         3063    i.OS_SchedLockTimeMeasStop  os_core.o
    0x080054f4   0x000000d0   Code   RO         3064    i.OS_SchedRoundRobin  os_core.o
    0x080055c4   0x00000030   Code   RO         3627    i.OS_SemDbgListAdd  os_sem.o
    0x080055f4   0x00000018   Code   RO         3629    i.OS_SemInit        os_sem.o
    0x0800560c   0x00000126   Code   RO         3630    i.OS_SemPost        os_sem.o
    0x08005732   0x00000002   PAD
    0x08005734   0x000002ec   Code   RO         3694    i.OS_StatTask       os_stat.o
    0x08005a20   0x000000cc   Code   RO         3695    i.OS_StatTaskInit   os_stat.o
    0x08005aec   0x00000038   Code   RO         3065    i.OS_TaskBlock      os_core.o
    0x08005b24   0x00000030   Code   RO         3740    i.OS_TaskDbgListAdd  os_task.o
    0x08005b54   0x00000044   Code   RO         3741    i.OS_TaskDbgListRemove  os_task.o
    0x08005b98   0x00000020   Code   RO         3742    i.OS_TaskInit       os_task.o
    0x08005bb8   0x000000c8   Code   RO         3743    i.OS_TaskInitTCB    os_task.o
    0x08005c80   0x0000001c   Code   RO         3066    i.OS_TaskRdy        os_core.o
    0x08005c9c   0x00000100   Code   RO         3745    i.OS_TaskResume     os_task.o
    0x08005d9c   0x00000018   Code   RO         3746    i.OS_TaskReturn     os_task.o
    0x08005db4   0x000001c4   Code   RO         3747    i.OS_TaskSemPost    os_task.o
    0x08005f78   0x00000118   Code   RO         3748    i.OS_TaskSuspend    os_task.o
    0x08006090   0x00000028   Code   RO         3890    i.OS_TickListInit   os_tick.o
    0x080060b8   0x000001bc   Code   RO         3891    i.OS_TickListInsert  os_tick.o
    0x08006274   0x00000038   Code   RO         3892    i.OS_TickListRemove  os_tick.o
    0x080062ac   0x00000024   Code   RO         3893    i.OS_TickListResetPeak  os_tick.o
    0x080062d0   0x00000188   Code   RO         3894    i.OS_TickListUpdate  os_tick.o
    0x08006458   0x0000002c   Code   RO         3895    i.OS_TickTask       os_tick.o
    0x08006484   0x000000b8   Code   RO         3896    i.OS_TickTaskInit   os_tick.o
    0x0800653c   0x00000128   Code   RO         3989    i.OS_TmrInit        os_tmr.o
    0x08006664   0x000000d0   Code   RO         3990    i.OS_TmrLink        os_tmr.o
    0x08006734   0x00000024   Code   RO         3991    i.OS_TmrResetPeak   os_tmr.o
    0x08006758   0x000000c0   Code   RO         3992    i.OS_TmrTask        os_tmr.o
    0x08006818   0x00000050   Code   RO         3993    i.OS_TmrUnlink      os_tmr.o
    0x08006868   0x0000006c   Code   RO         6521    i.Outer_pidinit     outer_control.o
    0x080068d4   0x0000003c   Code   RO         6471    i.PID_OUT           inner_control.o
    0x08006910   0x00000110   Code   RO         5457    i.PWM_Init          mcpwm.o
    0x08006a20   0x00000164   Code   RO         6472    i.PostionInner_control  inner_control.o
    0x08006b84   0x0000002c   Code   RO         4823    i.PostionInner_task  task.o
    0x08006bb0   0x000000e8   Code   RO         6522    i.PostionOuter_control  outer_control.o
    0x08006c98   0x0000002c   Code   RO         4824    i.PostionOuter_task  task.o
    0x08006cc4   0x00000020   Code   RO          248    i.RCC_AHB1PeriphClockCmd  stm32f4xx_rcc.o
    0x08006ce4   0x00000020   Code   RO          257    i.RCC_APB1PeriphClockCmd  stm32f4xx_rcc.o
    0x08006d04   0x00000020   Code   RO          260    i.RCC_APB2PeriphClockCmd  stm32f4xx_rcc.o
    0x08006d24   0x00000020   Code   RO          262    i.RCC_APB2PeriphResetCmd  stm32f4xx_rcc.o
    0x08006d44   0x000000e8   Code   RO          269    i.RCC_GetClocksFreq  stm32f4xx_rcc.o
    0x08006e2c   0x00000030   Code   RO         5753    i.ReceiveUltraData  usart5toultra.o
    0x08006e5c   0x000000d4   Code   RO         5012    i.SPI3_Configuration  spi3.o
    0x08006f30   0x00000034   Code   RO         5013    i.SPI3_ReadWrite_Byte  spi3.o
    0x08006f64   0x00000028   Code   RO         5015    i.SPI3_readRegs     spi3.o
    0x08006f8c   0x00000018   Code   RO          776    i.SPI_Cmd           stm32f4xx_spi.o
    0x08006fa4   0x0000003c   Code   RO          789    i.SPI_Init          stm32f4xx_spi.o
    0x08006fe0   0x000000a0   Code   RO         5404    i.STMFLASH_GetFlashSector  flash.o
    0x08007080   0x00000020   Code   RO         5405    i.STMFLASH_Read     flash.o
    0x080070a0   0x00000006   Code   RO         5406    i.STMFLASH_ReadWord  flash.o
    0x080070a6   0x00000002   PAD
    0x080070a8   0x0000009c   Code   RO         5407    i.STMFLASH_Write    flash.o
    0x08007144   0x00000002   Code   RO         4767    i.SVC_Handler       stm32f4xx_it.o
    0x08007146   0x00000002   PAD
    0x08007148   0x0000017c   Code   RO         6671    i.SendDataToLCD     data_pc.o
    0x080072c4   0x000000ec   Code   RO            3    i.SetSysClock       system_stm32f4xx.o
    0x080073b0   0x00000028   Code   RO          106    i.SysTick_CLKSourceConfig  misc.o
    0x080073d8   0x0000001c   Code   RO         2248    i.SysTick_Handler   explore_systick.o
    0x080073f4   0x00000068   Code   RO            5    i.SystemInit        system_stm32f4xx.o
    0x0800745c   0x00000070   Code   RO         2249    i.Systick_Init      explore_systick.o
    0x080074cc   0x0000006c   Code   RO         5540    i.TIM3_IRQHandler   timer3_ahrs_inner.o
    0x08007538   0x00000034   Code   RO         5541    i.TIM4_IRQHandler   timer3_ahrs_inner.o
    0x0800756c   0x00000018   Code   RO          938    i.TIM_ARRPreloadConfig  stm32f4xx_tim.o
    0x08007584   0x00000006   Code   RO          945    i.TIM_ClearITPendingBit  stm32f4xx_tim.o
    0x0800758a   0x00000018   Code   RO          950    i.TIM_Cmd           stm32f4xx_tim.o
    0x080075a2   0x00000022   Code   RO          971    i.TIM_GetITStatus   stm32f4xx_tim.o
    0x080075c4   0x00000012   Code   RO          975    i.TIM_ITConfig      stm32f4xx_tim.o
    0x080075d6   0x00000002   PAD
    0x080075d8   0x0000007c   Code   RO          979    i.TIM_OC1Init       stm32f4xx_tim.o
    0x08007654   0x00000012   Code   RO          982    i.TIM_OC1PreloadConfig  stm32f4xx_tim.o
    0x08007666   0x00000002   PAD
    0x08007668   0x000000a4   Code   RO          984    i.TIM_OC2Init       stm32f4xx_tim.o
    0x0800770c   0x0000001a   Code   RO          987    i.TIM_OC2PreloadConfig  stm32f4xx_tim.o
    0x08007726   0x00000002   PAD
    0x08007728   0x000000a0   Code   RO          989    i.TIM_OC3Init       stm32f4xx_tim.o
    0x080077c8   0x00000012   Code   RO          992    i.TIM_OC3PreloadConfig  stm32f4xx_tim.o
    0x080077da   0x00000002   PAD
    0x080077dc   0x00000078   Code   RO          994    i.TIM_OC4Init       stm32f4xx_tim.o
    0x08007854   0x0000001a   Code   RO          996    i.TIM_OC4PreloadConfig  stm32f4xx_tim.o
    0x0800786e   0x00000002   PAD
    0x08007870   0x00000084   Code   RO         1022    i.TIM_TimeBaseInit  stm32f4xx_tim.o
    0x080078f4   0x0000005c   Code   RO         5542    i.Timer3_Ahrsinit   timer3_ahrs_inner.o
    0x08007950   0x00000060   Code   RO         5543    i.Timer4_ImuInnerinit  timer3_ahrs_inner.o
    0x080079b0   0x0000004c   Code   RO         5374    i.Timer5_Timinginit  timer5_timing.o
    0x080079fc   0x00000038   Code   RO         5757    i.UART5_IRQHandler  usart5toultra.o
    0x08007a34   0x00000088   Code   RO         5260    i.USART1_IRQHandler  usart1topc.o
    0x08007abc   0x0000005c   Code   RO         4246    i.USART2_IRQHandler  my_platform.o
    0x08007b18   0x00000010   Code   RO         5637    i.USART3_IRQHandler  usart3tobluetooth.o
    0x08007b28   0x00000038   Code   RO         5479    i.USART6_IRQHandler  usart6tovision.o
    0x08007b60   0x00000012   Code   RO          582    i.USART_ClearFlag   stm32f4xx_usart.o
    0x08007b72   0x00000018   Code   RO          586    i.USART_Cmd         stm32f4xx_usart.o
    0x08007b8a   0x00000012   Code   RO          587    i.USART_DMACmd      stm32f4xx_usart.o
    0x08007b9c   0x00000054   Code   RO          590    i.USART_GetITStatus  stm32f4xx_usart.o
    0x08007bf0   0x0000004a   Code   RO          592    i.USART_ITConfig    stm32f4xx_usart.o
    0x08007c3a   0x00000002   PAD
    0x08007c3c   0x000000d4   Code   RO          593    i.USART_Init        stm32f4xx_usart.o
    0x08007d10   0x0000000a   Code   RO          600    i.USART_ReceiveData  stm32f4xx_usart.o
    0x08007d1a   0x00000008   Code   RO         5261    i.Uart1_dma_tx_irq_handler  usart1topc.o
    0x08007d22   0x00000002   PAD
    0x08007d24   0x00000040   Code   RO         5263    i.Uart1_tx          usart1topc.o
    0x08007d64   0x00000008   Code   RO         5638    i.Uart3_dma_tx_irq_handler  usart3tobluetooth.o
    0x08007d6c   0x0000002c   Code   RO         5639    i.Uart3_irq_handler  usart3tobluetooth.o
    0x08007d98   0x00000040   Code   RO         5640    i.Uart3_tx          usart3tobluetooth.o
    0x08007dd8   0x00000040   Code   RO         5759    i.Uart5_tx          usart5toultra.o
    0x08007e18   0x0000022c   Code   RO         5761    i.Uart5toUltra_Init  usart5toultra.o
    0x08008044   0x00000050   Code   RO         4828    i.Uart5toUltra_task  task.o
    0x08008094   0x00000004   Code   RO         4768    i.UsageFault_Handler  stm32f4xx_it.o
    0x08008098   0x00000208   Code   RO         5264    i.Usart1toPC_Init   usart1topc.o
    0x080082a0   0x00000034   Code   RO         4829    i.Usart1toPC_task   task.o
    0x080082d4   0x00000208   Code   RO         5641    i.Usart3toBluetooth_Init  usart3tobluetooth.o
    0x080084dc   0x00000034   Code   RO         5408    i.Write_config      flash.o
    0x08008510   0x00000038   Code   RO         5265    i._Uart1_deal_irq_dma_tx  usart1topc.o
    0x08008548   0x00000038   Code   RO         5642    i._Uart3_deal_irq_dma_tx  usart3tobluetooth.o
    0x08008580   0x0000006c   Code   RO         5643    i._Uart3_deal_irq_rx_end  usart3tobluetooth.o
    0x080085ec   0x00000030   Code   RO         5644    i._Uart3_deal_irq_tx_end  usart3tobluetooth.o
    0x0800861c   0x00000010   Code   RO         8764    i.__0printf$bare    mc_w.l(printfb.o)
    0x0800862c   0x00000030   Code   RO         9095    i.__ARM_fpclassify  m_wm.l(fpclassify.o)
    0x0800865c   0x00000004   PAD
    0x08008660   0x00000360   Code   RO         8650    i.__hardfp_asin     m_wm.l(asin.o)
    0x080089c0   0x000002d8   Code   RO         9061    i.__hardfp_atan     m_wm.l(atan.o)
    0x08008c98   0x000001f0   Code   RO         8664    i.__hardfp_atan2    m_wm.l(atan2.o)
    0x08008e88   0x00000150   Code   RO         8676    i.__hardfp_cosf     m_wm.l(cosf.o)
    0x08008fd8   0x0000007a   Code   RO         8714    i.__hardfp_sqrt     m_wm.l(sqrt.o)
    0x08009052   0x000000f8   Code   RO         9113    i.__kernel_poly     m_wm.l(poly.o)
    0x0800914a   0x00000014   Code   RO         9076    i.__mathlib_dbl_infnan  m_wm.l(dunder.o)
    0x0800915e   0x00000014   Code   RO         9077    i.__mathlib_dbl_infnan2  m_wm.l(dunder.o)
    0x08009172   0x00000006   PAD
    0x08009178   0x00000020   Code   RO         9078    i.__mathlib_dbl_invalid  m_wm.l(dunder.o)
    0x08009198   0x00000020   Code   RO         9081    i.__mathlib_dbl_underflow  m_wm.l(dunder.o)
    0x080091b8   0x00000006   Code   RO         9100    i.__mathlib_flt_infnan  m_wm.l(funder.o)
    0x080091be   0x00000002   PAD
    0x080091c0   0x00000010   Code   RO         9102    i.__mathlib_flt_invalid  m_wm.l(funder.o)
    0x080091d0   0x00000154   Code   RO         9116    i.__mathlib_rredf2  m_wm.l(rredf.o)
    0x08009324   0x0000000e   Code   RO         9171    i.__scatterload_copy  mc_w.l(handlers.o)
    0x08009332   0x00000002   Code   RO         9172    i.__scatterload_null  mc_w.l(handlers.o)
    0x08009334   0x0000000e   Code   RO         9173    i.__scatterload_zeroinit  mc_w.l(handlers.o)
    0x08009342   0x00000002   PAD
    0x08009344   0x0000000c   Code   RO         9143    i.__set_errno       mc_w.l(errno.o)
    0x08009350   0x00000022   Code   RO         8771    i._printf_core      mc_w.l(printfb.o)
    0x08009372   0x0000007c   Code   RO         2200    i.arm_abs_f32       arm_abs_f32.o
    0x080093ee   0x0000001a   Code   RO         6711    i.arrycat           type_conversion.o
    0x08009408   0x00000010   Code   RO         9063    i.atan              m_wm.l(atan.o)
    0x08009418   0x00000698   Code   RO         6766    i.dataDeal          data_deal.o
    0x08009ab0   0x0000012c   Code   RO         6767    i.dataStitching     data_deal.o
    0x08009bdc   0x00000050   Code   RO         2250    i.delay_ms          explore_systick.o
    0x08009c2c   0x0000000a   Code   RO         2251    i.delay_osschedlock  explore_systick.o
    0x08009c36   0x0000000a   Code   RO         2252    i.delay_osschedunlock  explore_systick.o
    0x08009c40   0x00000010   Code   RO         2253    i.delay_ostimedly   explore_systick.o
    0x08009c50   0x00000058   Code   RO         2254    i.delay_us          explore_systick.o
    0x08009ca8   0x00000018   Code   RO         9091    i.fabs              m_wm.l(fabs.o)
    0x08009cc0   0x000000c4   Code   RO         7005    i.filter_create_fir_lowpass  digital_filter.o
    0x08009d84   0x00000260   Code   RO         7007    i.filter_fft        digital_filter.o
    0x08009fe4   0x00000052   Code   RO         7008    i.filter_fftshift   digital_filter.o
    0x0800a036   0x00000002   PAD
    0x0800a038   0x000000fc   Code   RO         7009    i.filter_hamming    digital_filter.o
    0x0800a134   0x0000001c   Code   RO         5269    i.fputc             usart1topc.o
    0x0800a150   0x00000050   Code   RO         9023    i.free              mc_w.l(malloc.o)
    0x0800a1a0   0x0000002c   Code   RO         4247    i.get_imu_usart_rx_cnt  my_platform.o
    0x0800a1cc   0x00000230   Code   RO         6960    i.h_Estimation      position.o
    0x0800a3fc   0x000000f4   Code   RO         4249    i.imu_check         my_platform.o
    0x0800a4f0   0x0000014c   Code   RO         4250    i.imu_get_data      my_platform.o
    0x0800a63c   0x00000024   Code   RO         4284    i.imu_usart_dma_rx_enable  my_platform.o
    0x0800a660   0x00000038   Code   RO         4285    i.imu_usart_dma_tx_enable  my_platform.o
    0x0800a698   0x00000030   Code   RO         6931    i.inertial_filter_correct  inertialfilter.o
    0x0800a6c8   0x00000032   Code   RO         6932    i.inertial_filter_predict  inertialfilter.o
    0x0800a6fa   0x00000008   Code   RO         5270    i.inf_Uart1_deal_irq_dma_tx  usart1topc.o
    0x0800a702   0x00000008   Code   RO         5645    i.inf_Uart3_deal_irq_dma_tx  usart3tobluetooth.o
    0x0800a70a   0x0000000c   Code   RO         5646    i.inf_Uart3_deal_irq_rx_end  usart3tobluetooth.o
    0x0800a716   0x00000008   Code   RO         5647    i.inf_Uart3_deal_irq_tx_end  usart3tobluetooth.o
    0x0800a71e   0x00000002   PAD
    0x0800a720   0x0000006c   Code   RO         5762    i.inf_Uart5_deal_irq_rx_end  usart5toultra.o
    0x0800a78c   0x00000030   Code   RO         5763    i.inf_Uart5_deal_irq_tx_end  usart5toultra.o
    0x0800a7bc   0x0000006c   Code   RO         5482    i.inf_Uart6_deal_irq_rx_end  usart6tovision.o
    0x0800a828   0x00000030   Code   RO         5483    i.inf_Uart6_deal_irq_tx_end  usart6tovision.o
    0x0800a858   0x0000003c   Code   RO         6843    i.invSqrt           mahonyahrs.o
    0x0800a894   0x0000031c   Code   RO         5409    i.load_config       flash.o
    0x0800abb0   0x000000e8   Code   RO         4714    i.main              stm32f4xx_main.o
    0x0800ac98   0x0000006c   Code   RO         9024    i.malloc            mc_w.l(malloc.o)
    0x0800ad04   0x0000000c   Code   RO         5375    i.micros            timer5_timing.o
    0x0800ad10   0x00000088   Code   RO         5124    i.safe_asin         imu_ahrs.o
    0x0800ad98   0x0000031c   Code   RO         6672    i.sendParaInfo      data_pc.o
    0x0800b0b4   0x00000160   Code   RO         6673    i.sendRTInfo        data_pc.o
    0x0800b214   0x0000006e   Code   RO         8716    i.sqrt              m_wm.l(sqrt.o)
    0x0800b282   0x00000002   PAD
    0x0800b284   0x00000354   Code   RO         4715    i.start_task        stm32f4xx_main.o
    0x0800b5d8   0x000000ac   Code   RO         5273    i.uart_init         usart1topc.o
    0x0800b684   0x000000a4   Data   RO         3007    .constdata          os_cfg_app.o
    0x0800b728   0x0000016c   Data   RO         3269    .constdata          os_dbg.o
    0x0800b894   0x00000004   PAD
    0x0800b898   0x00000050   Data   RO         8653    .constdata          m_wm.l(asin.o)
    0x0800b8e8   0x00000098   Data   RO         9064    .constdata          m_wm.l(atan.o)
    0x0800b980   0x00000008   Data   RO         9115    .constdata          m_wm.l(qnan.o)
    0x0800b988   0x00000020   Data   RO         9117    .constdata          m_wm.l(rredf.o)
    0x0800b9a8   0x00000020   Data   RO         9169    Region$$Table       anon$$obj.o


    Execution Region RW_IRAM1 (Base: 0x20000000, Size: 0x000108d0, Max: 0x00020000, ABSOLUTE, COMPRESSED[0x00000094])

    Base Addr    Size         Type   Attr      Idx    E Section Name        Object

    0x20000000   0x00000010   Data   RW          301    .data               stm32f4xx_rcc.o
    0x20000010   0x00000004   Data   RW         2255    .data               explore_systick.o
    0x20000014   0x00000004   Data   RW         2439    .data               cpu_core.o
    0x20000018   0x00000008   Data   RW         3515    .data               os_prio.o
    0x20000020   0x000000b4   Data   RW         4071    .data               os_var.o
    0x200000d4   0x00000004   Data   RW         4100    .data               os_cpu_c.o
    0x200000d8   0x00000034   Data   RW         4292    .data               my_platform.o
    0x2000010c   0x0000005c   Data   RW         4833    .data               task.o
    0x20000168   0x00000022   Data   RW         5065    .data               mpu6500.o
    0x2000018a   0x00000002   PAD
    0x2000018c   0x00000034   Data   RW         5126    .data               imu_ahrs.o
    0x200001c0   0x00000029   Data   RW         5198    .data               lsm303d.o
    0x200001e9   0x00000003   PAD
    0x200001ec   0x0000000a   Data   RW         5275    .data               usart1topc.o
    0x200001f6   0x00000002   PAD
    0x200001f8   0x00000004   Data   RW         5485    .data               usart6tovision.o
    0x200001fc   0x00000006   Data   RW         5544    .data               timer3_ahrs_inner.o
    0x20000202   0x00000002   PAD
    0x20000204   0x00000004   Data   RW         5585    .data               adc_battery.o
    0x20000208   0x00000004   Data   RW         5649    .data               usart3tobluetooth.o
    0x2000020c   0x00000010   Data   RW         5765    .data               usart5toultra.o
    0x2000021c   0x00000058   Data   RW         6474    .data               inner_control.o
    0x20000274   0x0000002c   Data   RW         6524    .data               outer_control.o
    0x200002a0   0x000000e4   Data   RW         6566    .data               neurons.o
    0x20000384   0x00000008   Data   RW         6770    .data               data_deal.o
    0x2000038c   0x00000024   Data   RW         6844    .data               mahonyahrs.o
    0x200003b0   0x000000e9   Data   RW         6962    .data               position.o
    0x20000499   0x00000003   PAD
    0x2000049c   0x00000004   Data   RW         9139    .data               mc_w.l(mvars.o)
    0x200004a0   0x00000004   Data   RW         9140    .data               mc_w.l(mvars.o)
    0x200004a4   0x00000004   Data   RW         9144    .data               mc_w.l(errno.o)
    0x200004a8   0x00000010   Zero   RW         2437    .bss                cpu_core.o
    0x200004b8   0x00001150   Zero   RW         3006    .bss                os_cfg_app.o
    0x20001608   0x0000061c   Zero   RW         4070    .bss                os_var.o
    0x20001c24   0x00000068   Zero   RW         4291    .bss                my_platform.o
    0x20001c8c   0x0000c930   Zero   RW         4716    .bss                stm32f4xx_main.o
    0x2000e5bc   0x00000224   Zero   RW         4832    .bss                task.o
    0x2000e7e0   0x00000014   Zero   RW         4953    .bss                lineinspection.o
    0x2000e7f4   0x0000009a   Zero   RW         5064    .bss                mpu6500.o
    0x2000e88e   0x00000002   PAD
    0x2000e890   0x00000088   Zero   RW         5125    .bss                imu_ahrs.o
    0x2000e918   0x00000078   Zero   RW         5197    .bss                lsm303d.o
    0x2000e990   0x000004e0   Zero   RW         5274    .bss                usart1topc.o
    0x2000ee70   0x0000006c   Zero   RW         5410    .bss                flash.o
    0x2000eedc   0x00000418   Zero   RW         5484    .bss                usart6tovision.o
    0x2000f2f4   0x0000003c   Zero   RW         5584    .bss                adc_battery.o
    0x2000f330   0x00000418   Zero   RW         5648    .bss                usart3tobluetooth.o
    0x2000f748   0x00000430   Zero   RW         5764    .bss                usart5toultra.o
    0x2000fb78   0x000000c8   Zero   RW         6473    .bss                inner_control.o
    0x2000fc40   0x000000b4   Zero   RW         6523    .bss                outer_control.o
    0x2000fcf4   0x00000024   Zero   RW         6565    .bss                neurons.o
    0x2000fd18   0x0000042c   Zero   RW         6769    .bss                data_deal.o
    0x20010144   0x00000188   Zero   RW         6961    .bss                position.o
    0x200102cc   0x00000004   PAD
    0x200102d0   0x00000200   Zero   RW           94    HEAP                startup_stm32f40_41xxx.o
    0x200104d0   0x00000400   Zero   RW           93    STACK               startup_stm32f40_41xxx.o


==============================================================================

Image component sizes


      Code (inc. data)   RO Data    RW Data    ZI Data      Debug   Object Name

       452         50          0          4         60       2678   adc_battery.o
       124          0          0          0          0        862   arm_abs_f32.o
         0          0          0          0          0      13316   arm_cos_f32.o
        12          0          0          0          0        513   bluetooth.o
        78         14          0          0          0       1586   bsp.o
        52          0          0          0          0        280   cpu_a.o
       100         18          0          4         16       4433   cpu_core.o
      1988        102          0          8       1068       3526   data_deal.o
      1528         44          0          0          0       2572   data_pc.o
      1138         22          0          0          0       4280   digital_filter.o
       344         40          0          4          0      42535   explore_systick.o
      1202         96          0          0        108       4556   flash.o
       216         14          0          0          0        687   general_gpio.o
      1960        162          0         52        136       8664   imu_ahrs.o
        98          0          0          0          0       1396   inertialfilter.o
      2024        282          0         88        200       4927   inner_control.o
       102          0          0          0          0       1780   lib_mem.o
        30          0          0          0          0        650   limits.o
         0          0          0          0         20       1097   lineinspection.o
       550         82          0         41        120       2968   lsm303d.o
       896         52          0         36          0       2238   mahonyahrs.o
       272          4          0          0          0        779   mcpwm.o
       316          6          0          0          0        996   medianfiler.o
       180         24          0          0          0       2109   misc.o
       760         80          0         34        154       4776   mpu6500.o
       876        128          0         52        104      12803   my_platform.o
      1216        246          0        228         36       4944   neurons.o
         2          0        164          0       4432      19470   os_cfg_app.o
      2930        396          0          0          0      20630   os_core.o
       172         32          0          0          0        316   os_cpu_a.o
       912         56          0          4          0       6264   os_cpu_c.o
       428        280        364          0          0       4753   os_dbg.o
        24         10          0          0          0        834   os_flag.o
        24         10          0          0          0        841   os_mem.o
       206         20          0          0          0       2276   os_msg.o
        24         10          0          0          0        847   os_mutex.o
       136         16          0          8          0       2814   os_prio.o
        24         10          0          0          0        839   os_q.o
      1030         54          0          0          0       5387   os_sem.o
      1488        192          0          0          0       3847   os_stat.o
      3002        172          0          0          0      12393   os_task.o
      1196        116          0          0          0       5389   os_tick.o
       700         56          0          0          0       2869   os_time.o
       812        134          0          0          0       4128   os_tmr.o
         0          0          0        180       1564      17997   os_var.o
       812        130          0         44        180       2903   outer_control.o
       604         64          0        233        392       6523   position.o
       304         20          0          0          0       2191   spi3.o
        36          8        392          0       1536        828   startup_stm32f40_41xxx.o
       392         24          0          0          0       5531   stm32f4xx_adc.o
       676         58          0          0          0       6341   stm32f4xx_dma.o
       426         40          0          0          0       4524   stm32f4xx_flash.o
       222          0          0          0          0       2899   stm32f4xx_gpio.o
        22          0          0          0          0       3255   stm32f4xx_it.o
      1084        350          0          0      51504       3869   stm32f4xx_main.o
       360         42          0         16          0       5256   stm32f4xx_rcc.o
        84          0          0          0          0       1757   stm32f4xx_spi.o
       894         66          0          0          0       9657   stm32f4xx_tim.o
       440          8          0          0          0       5463   stm32f4xx_usart.o
       340         32          0          0          0     326745   system_stm32f4xx.o
       906        154          0         92        548      10502   task.o
       348         42          0          6          0       2972   timer3_ahrs_inner.o
        88         14          0          0          0       1073   timer5_timing.o
       104          0          0          0          0       3089   type_conversion.o
      1008         74          0         10       1248       7802   usart1topc.o
       908         80          0          4       1048       8436   usart3tobluetooth.o
       944         90          0         16       1072       6142   usart5toultra.o
       280         52          0          4       1048       3256   usart6tovision.o

    ----------------------------------------------------------------------
     40962       4378        956       1180      66600     674859   Object Totals
         0          0         32          0          0          0   (incl. Generated)
        56          0          4         12          6          0   (incl. Padding)

    ----------------------------------------------------------------------

      Code (inc. data)   RO Data    RW Data    ZI Data      Debug   Library Member Name

       864         94         80          0          0        280   asin.o
       744        106        152          0          0        352   atan.o
       496         64          0          0          0        192   atan2.o
       336         56          0          0          0        136   cosf.o
       104         16          0          0          0        496   dunder.o
        24          0          0          0          0        124   fabs.o
        48          0          0          0          0        124   fpclassify.o
        22          6          0          0          0        232   funder.o
       248          0          0          0          0        152   poly.o
         0          0          8          0          0          0   qnan.o
       340         24         32          0          0        160   rredf.o
       232          0          0          0          0        296   sqrt.o
        86          0          0          0          0          0   __dczerorl2.o
         0          0          0          0          0          0   entry.o
         0          0          0          0          0          0   entry10a.o
         0          0          0          0          0          0   entry11a.o
         8          4          0          0          0          0   entry2.o
         4          0          0          0          0          0   entry5.o
         0          0          0          0          0          0   entry7b.o
         0          0          0          0          0          0   entry8b.o
         8          4          0          0          0          0   entry9a.o
        12          6          0          4          0         68   errno.o
        30          0          0          0          0          0   handlers.o
        36          8          0          0          0         68   init.o
         0          0          0          0          0          0   iusefp.o
        30          0          0          0          0         68   llshl.o
        36          0          0          0          0         68   llsshr.o
        32          0          0          0          0         68   llushr.o
       188         20          0          0          0        160   malloc.o
        36          0          0          0          0         68   memcpya.o
         0          0          0          8          0          0   mvars.o
        50          8          0          0          0        152   printfb.o
        56          0          0          0          0         88   d2f.o
       334          0          0          0          0        148   dadd.o
       222          0          0          0          0        100   ddiv.o
       186          0          0          0          0        176   depilogue.o
       228          0          0          0          0         96   dmul.o
       162          0          0          0          0        100   dsqrt.o
        38          0          0          0          0         68   f2d.o
       110          0          0          0          0        168   fepilogue.o

    ----------------------------------------------------------------------
      5370        416        272         12          0       4208   Library Totals
        20          0          0          0          0          0   (incl. Padding)

    ----------------------------------------------------------------------

      Code (inc. data)   RO Data    RW Data    ZI Data      Debug   Library Name

      3458        366        272          0          0       2544   m_wm.l
       556         50          0         12          0        720   mc_w.l
      1336          0          0          0          0        944   mf_w.l

    ----------------------------------------------------------------------
      5370        416        272         12          0       4208   Library Totals

    ----------------------------------------------------------------------

==============================================================================


      Code (inc. data)   RO Data    RW Data    ZI Data      Debug   

     46332       4794       1228       1192      66600     649271   Grand Totals
     46332       4794       1228        148      66600     649271   ELF Image Totals (compressed)
     46332       4794       1228        148          0          0   ROM Totals

==============================================================================

    Total RO  Size (Code + RO Data)                47560 (  46.45kB)
    Total RW  Size (RW Data + ZI Data)             67792 (  66.20kB)
    Total ROM Size (Code + RO Data + RW Data)      47708 (  46.59kB)

==============================================================================

