<html>
<body>
<pre>
<h1>礦ision Build Log</h1>
<h2>Tool Versions:</h2>
IDE-Version: μVision V5.14.0.0
Copyright (C) 2015 ARM Ltd and ARM Germany GmbH. All rights reserved.
License Information: ALIENTER ALIENTER, ALIENTER, LIC=9WSEV-PY221-WECH7-E60M8-SN409-2QAGM
 
Tool Versions:
Toolchain:       MDK-ARM Standard  Version: 5.14.0.0
Toolchain Path:  D:\MDK5\MDK5\ARM\ARMCC\Bin
C Compiler:      Armcc.exe V5.05 update 1 (build 106)
Assembler:       Armasm.exe V5.05 update 1 (build 106)
Linker/Locator:  ArmLink.exe V5.05 update 1 (build 106)
Library Manager: ArmAr.exe V5.05 update 1 (build 106)
Hex Converter:   FromElf.exe V5.05 update 1 (build 106)
CPU DLL:         SARMCM3.DLL V5.14.0.0
Dialog DLL:      DCM.DLL V1.13.1.0
Target DLL:      Segger\JL2CM3.dll V2.99.13.0
Dialog DLL:      TCM.DLL V1.14.4.0
 
<h2>Project:</h2>
D:\工作文件\四轴飞行器\BirdFlight_V2.1\Project\BirdFlight_V2.0.uvprojx
Project File Date:  09/29/2020

<h2>Output:</h2>
Build target 'BirdFlight_V2.0'
compiling my_platform.c...
compiling stm32f4xx_main.c...
compiling Task.c...
compiling LineInspection.c...
compiling IMU_AHRS.c...
compiling Usart1toPC.c...
compiling Flash.c...
compiling Usart6toVision.c...
compiling Timer3_Ahrs_Inner.c...
compiling Usart3toBluetooth.c...
compiling Bluetooth.c...
compiling Usart5toUltra.c...
compiling vl53lxx.c...
compiling vl53lxx_i2c.c...
compiling optical_flow.c...
compiling spi.c...
compiling Inner_control.c...
compiling Outer_control.c...
compiling UltraCombine.c...
compiling XYPositionCombine.c...
compiling Data_PC.c...
compiling Data_deal.c...
compiling Visiondata_deal.c...
compiling Position.c...
linking...
Program Size: Code=46332 RO-data=1228 RW-data=1192 ZI-data=66600  
FromELF: creating hex file...
"..\Output\STM32F4.axf" - 0 Error(s), 0 Warning(s).

<h2>Collection of Component include folders:</h2>
  D:\工作文件\四轴飞行器\BirdFlight_V2.1\Project\RTE
  D:\MDK5\MDK5\ARM\PACK\Keil\STM32F4xx_DFP\2.11.0

<h2>Collection of Component Files used:</h2>
</pre>
</body>
</html>
